Archive member included to satisfy reference by file (symbol)

C:/Users/ppscarvalho/.pico-sdk/toolchain/13_3_Rel1/bin/../lib/gcc/arm-none-eabi/13.3.1/thumb/v6-m/nofp\libgcc.a(_dvmd_tls.o)
                              CMakeFiles/DisplayC.dir/C_/Users/ppscarvalho/.pico-sdk/sdk/2.1.0/src/rp2_common/pico_divider/divider_hardware.S.obj (__aeabi_idiv0)
C:/Users/ppscarvalho/.pico-sdk/toolchain/13_3_Rel1/bin/../lib/gcc/arm-none-eabi/13.3.1/thumb/v6-m/nofp\libg.a(libc_a-calloc.o)
                              CMakeFiles/DisplayC.dir/C_/Users/ppscarvalho/.pico-sdk/sdk/2.1.0/src/rp2_common/pico_malloc/malloc.c.obj (calloc)
C:/Users/ppscarvalho/.pico-sdk/toolchain/13_3_Rel1/bin/../lib/gcc/arm-none-eabi/13.3.1/thumb/v6-m/nofp\libg.a(libc_a-callocr.o)
                              C:/Users/ppscarvalho/.pico-sdk/toolchain/13_3_Rel1/bin/../lib/gcc/arm-none-eabi/13.3.1/thumb/v6-m/nofp\libg.a(libc_a-calloc.o) (_calloc_r)
C:/Users/ppscarvalho/.pico-sdk/toolchain/13_3_Rel1/bin/../lib/gcc/arm-none-eabi/13.3.1/thumb/v6-m/nofp\libg.a(libc_a-malloc.o)
                              CMakeFiles/DisplayC.dir/C_/Users/ppscarvalho/.pico-sdk/sdk/2.1.0/src/rp2_common/pico_malloc/malloc.c.obj (malloc)
C:/Users/ppscarvalho/.pico-sdk/toolchain/13_3_Rel1/bin/../lib/gcc/arm-none-eabi/13.3.1/thumb/v6-m/nofp\libg.a(libc_a-mallocr.o)
                              C:/Users/ppscarvalho/.pico-sdk/toolchain/13_3_Rel1/bin/../lib/gcc/arm-none-eabi/13.3.1/thumb/v6-m/nofp\libg.a(libc_a-callocr.o) (_malloc_r)
C:/Users/ppscarvalho/.pico-sdk/toolchain/13_3_Rel1/bin/../lib/gcc/arm-none-eabi/13.3.1/thumb/v6-m/nofp\libg.a(libc_a-mlock.o)
                              C:/Users/ppscarvalho/.pico-sdk/toolchain/13_3_Rel1/bin/../lib/gcc/arm-none-eabi/13.3.1/thumb/v6-m/nofp\libg.a(libc_a-mallocr.o) (__malloc_lock)
C:/Users/ppscarvalho/.pico-sdk/toolchain/13_3_Rel1/bin/../lib/gcc/arm-none-eabi/13.3.1/thumb/v6-m/nofp\libg.a(libc_a-realloc.o)
                              CMakeFiles/DisplayC.dir/C_/Users/ppscarvalho/.pico-sdk/sdk/2.1.0/src/rp2_common/pico_malloc/malloc.c.obj (realloc)
C:/Users/ppscarvalho/.pico-sdk/toolchain/13_3_Rel1/bin/../lib/gcc/arm-none-eabi/13.3.1/thumb/v6-m/nofp\libg.a(libc_a-reallocr.o)
                              C:/Users/ppscarvalho/.pico-sdk/toolchain/13_3_Rel1/bin/../lib/gcc/arm-none-eabi/13.3.1/thumb/v6-m/nofp\libg.a(libc_a-realloc.o) (_realloc_r)
C:/Users/ppscarvalho/.pico-sdk/toolchain/13_3_Rel1/bin/../lib/gcc/arm-none-eabi/13.3.1/thumb/v6-m/nofp\libg.a(libc_a-scanf.o)
                              CMakeFiles/DisplayC.dir/DisplayC.c.obj (scanf)
C:/Users/ppscarvalho/.pico-sdk/toolchain/13_3_Rel1/bin/../lib/gcc/arm-none-eabi/13.3.1/thumb/v6-m/nofp\libg.a(libc_a-memcmp.o)
                              CMakeFiles/DisplayC.dir/C_/Users/ppscarvalho/.pico-sdk/sdk/2.1.0/src/rp2_common/pico_atomic/atomic.c.obj (memcmp)
C:/Users/ppscarvalho/.pico-sdk/toolchain/13_3_Rel1/bin/../lib/gcc/arm-none-eabi/13.3.1/thumb/v6-m/nofp\libg.a(libc_a-memmove.o)
                              C:/Users/ppscarvalho/.pico-sdk/toolchain/13_3_Rel1/bin/../lib/gcc/arm-none-eabi/13.3.1/thumb/v6-m/nofp\libg.a(libc_a-reallocr.o) (memmove)
C:/Users/ppscarvalho/.pico-sdk/toolchain/13_3_Rel1/bin/../lib/gcc/arm-none-eabi/13.3.1/thumb/v6-m/nofp\libg.a(libc_a-lcltime_r.o)
                              CMakeFiles/DisplayC.dir/C_/Users/ppscarvalho/.pico-sdk/sdk/2.1.0/src/common/pico_util/datetime.c.obj (localtime_r)
C:/Users/ppscarvalho/.pico-sdk/toolchain/13_3_Rel1/bin/../lib/gcc/arm-none-eabi/13.3.1/thumb/v6-m/nofp\libg.a(libc_a-mktime.o)
                              CMakeFiles/DisplayC.dir/C_/Users/ppscarvalho/.pico-sdk/sdk/2.1.0/src/common/pico_util/datetime.c.obj (mktime)
C:/Users/ppscarvalho/.pico-sdk/toolchain/13_3_Rel1/bin/../lib/gcc/arm-none-eabi/13.3.1/thumb/v6-m/nofp\libg.a(libc_a-month_lengths.o)
                              C:/Users/ppscarvalho/.pico-sdk/toolchain/13_3_Rel1/bin/../lib/gcc/arm-none-eabi/13.3.1/thumb/v6-m/nofp\libg.a(libc_a-lcltime_r.o) (__month_lengths)
C:/Users/ppscarvalho/.pico-sdk/toolchain/13_3_Rel1/bin/../lib/gcc/arm-none-eabi/13.3.1/thumb/v6-m/nofp\libg.a(libc_a-tzcalc_limits.o)
                              C:/Users/ppscarvalho/.pico-sdk/toolchain/13_3_Rel1/bin/../lib/gcc/arm-none-eabi/13.3.1/thumb/v6-m/nofp\libg.a(libc_a-lcltime_r.o) (__tzcalc_limits)
C:/Users/ppscarvalho/.pico-sdk/toolchain/13_3_Rel1/bin/../lib/gcc/arm-none-eabi/13.3.1/thumb/v6-m/nofp\libg.a(libc_a-tzlock.o)
                              C:/Users/ppscarvalho/.pico-sdk/toolchain/13_3_Rel1/bin/../lib/gcc/arm-none-eabi/13.3.1/thumb/v6-m/nofp\libg.a(libc_a-lcltime_r.o) (__tz_lock)
C:/Users/ppscarvalho/.pico-sdk/toolchain/13_3_Rel1/bin/../lib/gcc/arm-none-eabi/13.3.1/thumb/v6-m/nofp\libg.a(libc_a-tzset.o)
                              C:/Users/ppscarvalho/.pico-sdk/toolchain/13_3_Rel1/bin/../lib/gcc/arm-none-eabi/13.3.1/thumb/v6-m/nofp\libg.a(libc_a-lcltime_r.o) (_tzset_unlocked)
[...]
Memory Configuration

Name             Origin             Length             Attributes
FLASH            0x10000000         0x00200000         xr
RAM              0x20000000         0x00040000         xrw
SCRATCH_X        0x20040000         0x00001000         xrw
SCRATCH_Y        0x20041000         0x00001000         xrw
*default*        0x00000000         0xffffffff

Linker script and memory map

LOAD C:/Users/ppscarvalho/.pico-sdk/toolchain/13_3_Rel1/bin/../lib/gcc/arm-none-eabi/13.3.1/thumb/v6-m/nofp/crti.o
LOAD C:/Users/ppscarvalho/.pico-sdk/toolchain/13_3_Rel1/bin/../lib/gcc/arm-none-eabi/13.3.1/thumb/v6-m/nofp/crtbegin.o
LOAD C:/Users/ppscarvalho/.pico-sdk/toolchain/13_3_Rel1/bin/../lib/gcc/arm-none-eabi/13.3.1/thumb/v6-m/nofp/crt0.o

.flash_begin    0x10000000        0x0
                0x10000000                        __flash_binary_start = .

.boot2          0x10000000      0x100
                0x10000000                        __boot2_start__ = .
 *(.boot2)
 .boot2         0x10000000      0x100 pico-sdk/src/rp2040/boot_stage2/CMakeFiles/bs2_default_library.dir/./bs2_default_padded_checksummed.S.obj
                0x10000100                        __boot2_end__ = .
                0x00000001                        ASSERT (((__boot2_end__ - __boot2_start__) == 0x100), ERROR: Pico second stage bootloader must be 256 bytes in size)

.text           0x10000100     0xe7fc
                0x10000100                        __logical_binary_start = .
 *(.vectors)
 .vectors       0x10000100       0xd4 CMakeFiles/DisplayC.dir/C_/Users/ppscarvalho/.pico-sdk/sdk/2.1.0/src/rp2_common/pico_crt0/crt0.S.obj
                0x10000100                __VECTOR_TABLE
                0x10000100                __vectors
                0x100001c0                isr_invalid
                0x100001c0                __default_isrs_start
                0x100001c2                isr_nmi
                0x100001c4                isr_hardfault
                0x100001c6                isr_svcall
                0x100001c8                isr_pendsv
                0x100001ca                isr_systick
                0x100001cc                isr_irq23
                0x100001cc                isr_irq18
                0x100001cc                isr_irq11
                0x100001cc                isr_irq28
                0x100001cc                isr_irq19
                0x100001cc                isr_irq0
                0x100001cc                isr_irq6
                0x100001cc                isr_irq5
                0x100001cc                isr_irq12
                0x100001cc                isr_irq22
                0x100001cc                isr_irq31
                0x100001cc                isr_irq17
                0x100001cc                isr_irq27
                0x100001cc                isr_irq30
                0x100001cc                isr_irq2
                0x100001cc                isr_irq10
                0x100001cc                isr_irq8
                0x100001cc                isr_irq24
                0x100001cc                isr_irq1
                0x100001cc                isr_irq7
                0x100001cc                isr_irq21
                0x100001cc                isr_irq20
                0x100001cc                isr_irq15
                0x100001cc                isr_irq25
                0x100001cc                isr_irq13
                0x100001cc                __unhandled_user_irq
                0x100001cc                isr_irq4
                0x100001cc                isr_irq16
                0x100001cc                isr_irq29
                0x100001cc                isr_irq26
                0x100001cc                __default_isrs_end
                0x100001cc                isr_irq3
                0x100001cc                isr_irq14
                0x100001cc                isr_irq9
                0x100001d2                unhandled_user_irq_num_in_r0
 *(.binary_info_header)
 .binary_info_header
                0x100001d4       0x14 CMakeFiles/DisplayC.dir/C_/Users/ppscarvalho/.pico-sdk/sdk/2.1.0/src/rp2_common/pico_crt0/crt0.S.obj
                0x100001e8                        __binary_info_header_end = .
 *(.embedded_block)
                0x100001e8                        __embedded_block_end = .
 *(.reset)
 .reset         0x100001e8       0x9c CMakeFiles/DisplayC.dir/C_/Users/ppscarvalho/.pico-sdk/sdk/2.1.0/src/rp2_common/pico_crt0/crt0.S.obj
                0x100001e8                _entry_point
 *(.init)
 .init          0x10000284        0x4 C:/Users/ppscarvalho/.pico-sdk/toolchain/13_3_Rel1/bin/../lib/gcc/arm-none-eabi/13.3.1/thumb/v6-m/nofp/crti.o
                0x10000284                _init
 *(EXCLUDE_FILE(*libm.a: *libc.a:*lib_a-mem*.o *libgcc.a:) .text*)
 .text.register_tm_clones
                0x10000288       0x28 C:/Users/ppscarvalho/.pico-sdk/toolchain/13_3_Rel1/bin/../lib/gcc/arm-none-eabi/13.3.1/thumb/v6-m/nofp/crtbegin.o
 .text.frame_dummy
                0x100002b0       0x24 C:/Users/ppscarvalho/.pico-sdk/toolchain/13_3_Rel1/bin/../lib/gcc/arm-none-eabi/13.3.1/thumb/v6-m/nofp/crtbegin.o
 .text.botao_callback
                0x100002d4       0x70 CMakeFiles/DisplayC.dir/DisplayC.c.obj
                0x100002d4                botao_callback
 .text.inicializar_display
                0x10000344       0x70 CMakeFiles/DisplayC.dir/DisplayC.c.obj
                0x10000344                inicializar_display
 .text.inicializar_gpio
                0x100003b4       0x68 CMakeFiles/DisplayC.dir/DisplayC.c.obj
                0x100003b4                inicializar_gpio
 .text.inicializar_ws2812
                0x1000041c       0xbc CMakeFiles/DisplayC.dir/DisplayC.c.obj
                0x1000041c                inicializar_ws2812
 .text.exibir_pergunta
                0x100004d8       0x98 CMakeFiles/DisplayC.dir/DisplayC.c.obj
                0x100004d8                exibir_pergunta
 .text.perguntas_anamnese
                0x10000570      0x108 CMakeFiles/DisplayC.dir/DisplayC.c.obj
                0x10000570                perguntas_anamnese
 .text.sinais_vitais
                0x10000678      0x1c0 CMakeFiles/DisplayC.dir/DisplayC.c.obj
                0x10000678                sinais_vitais
 .text.exibir_resultado_fadiga
                0x10000838      0x2a0 CMakeFiles/DisplayC.dir/DisplayC.c.obj
                0x10000838                exibir_resultado_fadiga
 .text.startup.main
                0x10000ad8       0x8c CMakeFiles/DisplayC.dir/DisplayC.c.obj
                0x10000ad8                main
 .text.ssd1306_init
                0x10000b64       0x34 CMakeFiles/DisplayC.dir/inc/ssd1306.c.obj
                0x10000b64                ssd1306_init
 .text.ssd1306_config
                0x10000b98      0x1d0 CMakeFiles/DisplayC.dir/inc/ssd1306.c.obj
                0x10000b98                ssd1306_config
 .text.ssd1306_send_data
                0x10000d68       0x8c CMakeFiles/DisplayC.dir/inc/ssd1306.c.obj
                0x10000d68                ssd1306_send_data
 .text.ssd1306_fill
                0x10000df4       0x80 CMakeFiles/DisplayC.dir/inc/ssd1306.c.obj
                0x10000df4                ssd1306_fill
 .text.ssd1306_rect
                0x10000e74      0x28c CMakeFiles/DisplayC.dir/inc/ssd1306.c.obj
                0x10000e74                ssd1306_rect
 .text.ssd1306_draw_char
                0x10001100      0x294 CMakeFiles/DisplayC.dir/inc/ssd1306.c.obj
                0x10001100                ssd1306_draw_char
 .text.ssd1306_draw_string
                0x10001394       0x40 CMakeFiles/DisplayC.dir/inc/ssd1306.c.obj
                0x10001394                ssd1306_draw_string
 .text.gpio_default_irq_handler
                0x100013d4      0x274 CMakeFiles/DisplayC.dir/C_/Users/ppscarvalho/.pico-sdk/sdk/2.1.0/src/rp2_common/hardware_gpio/gpio.c.obj
 .text.gpio_set_function
                0x10001648       0x34 CMakeFiles/DisplayC.dir/C_/Users/ppscarvalho/.pico-sdk/sdk/2.1.0/src/rp2_common/hardware_gpio/gpio.c.obj
                0x10001648                gpio_set_function
 .text.gpio_set_pulls
                0x1000167c       0x28 CMakeFiles/DisplayC.dir/C_/Users/ppscarvalho/.pico-sdk/sdk/2.1.0/src/rp2_common/hardware_gpio/gpio.c.obj
                0x1000167c                gpio_set_pulls
 .text.gpio_set_irq_enabled_with_callback
                0x100016a4       0xd0 CMakeFiles/DisplayC.dir/C_/Users/ppscarvalho/.pico-sdk/sdk/2.1.0/src/rp2_common/hardware_gpio/gpio.c.obj
                0x100016a4                gpio_set_irq_enabled_with_callback
 .text.gpio_init
                0x10001774       0x40 CMakeFiles/DisplayC.dir/C_/Users/ppscarvalho/.pico-sdk/sdk/2.1.0/src/rp2_common/hardware_gpio/gpio.c.obj
                0x10001774                gpio_init
 .text.rp2040_chip_version
                0x100017b4        0xc CMakeFiles/DisplayC.dir/C_/Users/ppscarvalho/.pico-sdk/sdk/2.1.0/src/rp2040/pico_platform/platform.c.obj
                0x100017b4                rp2040_chip_version
 .text.panic    0x100017c0       0x30 CMakeFiles/DisplayC.dir/C_/Users/ppscarvalho/.pico-sdk/sdk/2.1.0/src/rp2_common/pico_platform_panic/panic.c.obj
                0x100017c0                panic
 .text.hw_claim_lock
                0x100017f0       0x18 CMakeFiles/DisplayC.dir/C_/Users/ppscarvalho/.pico-sdk/sdk/2.1.0/src/common/hardware_claim/claim.c.obj
                0x100017f0                hw_claim_lock
 .text.hw_claim_unlock
                0x10001808       0x14 CMakeFiles/DisplayC.dir/C_/Users/ppscarvalho/.pico-sdk/sdk/2.1.0/src/common/hardware_claim/claim.c.obj
                0x10001808                hw_claim_unlock
 .text.hw_claim_or_assert
                0x1000181c       0x44 CMakeFiles/DisplayC.dir/C_/Users/ppscarvalho/.pico-sdk/sdk/2.1.0/src/common/hardware_claim/claim.c.obj
                0x1000181c                hw_claim_or_assert
 .text.hw_claim_unused_from_range
                0x10001860       0x9c CMakeFiles/DisplayC.dir/C_/Users/ppscarvalho/.pico-sdk/sdk/2.1.0/src/common/hardware_claim/claim.c.obj
                0x10001860                hw_claim_unused_from_range
 .text.next_striped_spin_lock_num
                0x100018fc       0x18 CMakeFiles/DisplayC.dir/C_/Users/ppscarvalho/.pico-sdk/sdk/2.1.0/src/rp2_common/hardware_sync/sync.c.obj
                0x100018fc                next_striped_spin_lock_num
 .text.spin_lock_claim_unused
                0x10001914       0x24 CMakeFiles/DisplayC.dir/C_/Users/ppscarvalho/.pico-sdk/sdk/2.1.0/src/rp2_common/hardware_sync/sync.c.obj
                0x10001914                spin_lock_claim_unused
 .text.spin_locks_reset
                0x10001938       0x1c CMakeFiles/DisplayC.dir/C_/Users/ppscarvalho/.pico-sdk/sdk/2.1.0/src/rp2_common/hardware_sync_spin_lock/sync_spin_lock.c.obj
                0x10001938                spin_locks_reset
 .text.runtime_init_per_core_irq_priorities
                0x10001954       0x24 CMakeFiles/DisplayC.dir/C_/Users/ppscarvalho/.pico-sdk/sdk/2.1.0/src/rp2_common/hardware_irq/irq.c.obj
                0x10001954                runtime_init_per_core_irq_priorities
 .text.irq_set_enabled
                0x10001978       0x24 CMakeFiles/DisplayC.dir/C_/Users/ppscarvalho/.pico-sdk/sdk/2.1.0/src/rp2_common/hardware_irq/irq.c.obj
                0x10001978                irq_set_enabled
 .text.irq_is_enabled
                0x1000199c       0x18 CMakeFiles/DisplayC.dir/C_/Users/ppscarvalho/.pico-sdk/sdk/2.1.0/src/rp2_common/hardware_irq/irq.c.obj
                0x1000199c                irq_is_enabled
 .text.irq_set_pending
                0x100019b4       0x10 CMakeFiles/DisplayC.dir/C_/Users/ppscarvalho/.pico-sdk/sdk/2.1.0/src/rp2_common/hardware_irq/irq.c.obj
                0x100019b4                irq_set_pending
 .text.irq_has_shared_handler
                0x100019c4       0x2c CMakeFiles/DisplayC.dir/C_/Users/ppscarvalho/.pico-sdk/sdk/2.1.0/src/rp2_common/hardware_irq/irq.c.obj
                0x100019c4                irq_has_shared_handler
 .text.irq_set_exclusive_handler
                0x100019f0       0x54 CMakeFiles/DisplayC.dir/C_/Users/ppscarvalho/.pico-sdk/sdk/2.1.0/src/rp2_common/hardware_irq/irq.c.obj
                0x100019f0                irq_set_exclusive_handler
 .text.irq_add_shared_handler
                0x10001a44      0x1f4 CMakeFiles/DisplayC.dir/C_/Users/ppscarvalho/.pico-sdk/sdk/2.1.0/src/rp2_common/hardware_irq/irq.c.obj
                0x10001a44                irq_add_shared_handler
 .text.irq_remove_handler
                0x10001c38      0x1d4 CMakeFiles/DisplayC.dir/C_/Users/ppscarvalho/.pico-sdk/sdk/2.1.0/src/rp2_common/hardware_irq/irq.c.obj
                0x10001c38                irq_remove_handler
 .text.irq_add_tail_to_free_list
                0x10001e0c       0xb4 CMakeFiles/DisplayC.dir/C_/Users/ppscarvalho/.pico-sdk/sdk/2.1.0/src/rp2_common/hardware_irq/irq.c.obj
                0x10001e0c                irq_add_tail_to_free_list
 .text.user_irq_claim_unused
                0x10001ec0       0x2c CMakeFiles/DisplayC.dir/C_/Users/ppscarvalho/.pico-sdk/sdk/2.1.0/src/rp2_common/hardware_irq/irq.c.obj
                0x10001ec0                user_irq_claim_unused
 .text.lock_init
                0x10001eec       0x10 CMakeFiles/DisplayC.dir/C_/Users/ppscarvalho/.pico-sdk/sdk/2.1.0/src/common/pico_sync/lock_core.c.obj
                0x10001eec                lock_init
 .text.runtime_init_mutex
                0x10001efc       0x50 CMakeFiles/DisplayC.dir/C_/Users/ppscarvalho/.pico-sdk/sdk/2.1.0/src/common/pico_sync/mutex.c.obj
                0x10001efc                runtime_init_mutex
 .text.mutex_init
                0x10001f4c       0x1c CMakeFiles/DisplayC.dir/C_/Users/ppscarvalho/.pico-sdk/sdk/2.1.0/src/common/pico_sync/mutex.c.obj
                0x10001f4c                mutex_init
 .text.critical_section_init
                0x10001f68       0x1c CMakeFiles/DisplayC.dir/C_/Users/ppscarvalho/.pico-sdk/sdk/2.1.0/src/common/pico_sync/critical_section.c.obj
                0x10001f68                critical_section_init
 .text.critical_section_init_with_lock_num
                0x10001f84       0x14 CMakeFiles/DisplayC.dir/C_/Users/ppscarvalho/.pico-sdk/sdk/2.1.0/src/common/pico_sync/critical_section.c.obj
                0x10001f84                critical_section_init_with_lock_num
 .text.sleep_until_callback
                0x10001f98       0x30 CMakeFiles/DisplayC.dir/C_/Users/ppscarvalho/.pico-sdk/sdk/2.1.0/src/common/pico_time/time.c.obj
 .text.alarm_pool_irq_handler
                0x10001fc8      0x2fc CMakeFiles/DisplayC.dir/C_/Users/ppscarvalho/.pico-sdk/sdk/2.1.0/src/common/pico_time/time.c.obj
 .text.runtime_init_default_alarm_pool
                0x100022c4       0xdc CMakeFiles/DisplayC.dir/C_/Users/ppscarvalho/.pico-sdk/sdk/2.1.0/src/common/pico_time/time.c.obj
                0x100022c4                runtime_init_default_alarm_pool
 .text.alarm_pool_get_default
                0x100023a0        0x8 CMakeFiles/DisplayC.dir/C_/Users/ppscarvalho/.pico-sdk/sdk/2.1.0/src/common/pico_time/time.c.obj
                0x100023a0                alarm_pool_get_default
 .text.alarm_pool_add_alarm_at
                0x100023a8       0xd4 CMakeFiles/DisplayC.dir/C_/Users/ppscarvalho/.pico-sdk/sdk/2.1.0/src/common/pico_time/time.c.obj
                0x100023a8                alarm_pool_add_alarm_at
 .text.alarm_pool_add_alarm_at_force_in_context
                0x1000247c       0xb0 CMakeFiles/DisplayC.dir/C_/Users/ppscarvalho/.pico-sdk/sdk/2.1.0/src/common/pico_time/time.c.obj
                0x1000247c                alarm_pool_add_alarm_at_force_in_context
 .text.alarm_pool_cancel_alarm
                0x1000252c       0x74 CMakeFiles/DisplayC.dir/C_/Users/ppscarvalho/.pico-sdk/sdk/2.1.0/src/common/pico_time/time.c.obj
                0x1000252c                alarm_pool_cancel_alarm
 .text.alarm_pool_core_num
                0x100025a0        0x4 CMakeFiles/DisplayC.dir/C_/Users/ppscarvalho/.pico-sdk/sdk/2.1.0/src/common/pico_time/time.c.obj
                0x100025a0                alarm_pool_core_num
 .text.sleep_until
                0x100025a4       0xd8 CMakeFiles/DisplayC.dir/C_/Users/ppscarvalho/.pico-sdk/sdk/2.1.0/src/common/pico_time/time.c.obj
                0x100025a4                sleep_until
 .text.sleep_ms
                0x1000267c       0x38 CMakeFiles/DisplayC.dir/C_/Users/ppscarvalho/.pico-sdk/sdk/2.1.0/src/common/pico_time/time.c.obj
                0x1000267c                sleep_ms
 .text.best_effort_wfe_or_timeout
                0x100026b4       0xe0 CMakeFiles/DisplayC.dir/C_/Users/ppscarvalho/.pico-sdk/sdk/2.1.0/src/common/pico_time/time.c.obj
                0x100026b4                best_effort_wfe_or_timeout
 .text.timer_hardware_alarm_claim
                0x10002794       0x14 CMakeFiles/DisplayC.dir/C_/Users/ppscarvalho/.pico-sdk/sdk/2.1.0/src/rp2_common/hardware_timer/timer.c.obj
                0x10002794                timer_hardware_alarm_claim
 .text.timer_time_us_64
                0x100027a8       0x10 CMakeFiles/DisplayC.dir/C_/Users/ppscarvalho/.pico-sdk/sdk/2.1.0/src/rp2_common/hardware_timer/timer.c.obj
                0x100027a8                timer_time_us_64
 .text.time_us_64
                0x100027b8       0x14 CMakeFiles/DisplayC.dir/C_/Users/ppscarvalho/.pico-sdk/sdk/2.1.0/src/rp2_common/hardware_timer/timer.c.obj
                0x100027b8                time_us_64
 .text.busy_wait_us
                0x100027cc       0x68 CMakeFiles/DisplayC.dir/C_/Users/ppscarvalho/.pico-sdk/sdk/2.1.0/src/rp2_common/hardware_timer/timer.c.obj
                0x100027cc                busy_wait_us
 .text.busy_wait_until
                0x10002834       0x20 CMakeFiles/DisplayC.dir/C_/Users/ppscarvalho/.pico-sdk/sdk/2.1.0/src/rp2_common/hardware_timer/timer.c.obj
                0x10002834                busy_wait_until
 .text.clock_configure_int_divider
                0x10002854       0xf4 CMakeFiles/DisplayC.dir/C_/Users/ppscarvalho/.pico-sdk/sdk/2.1.0/src/rp2_common/hardware_clocks/clocks.c.obj
                0x10002854                clock_configure_int_divider
 .text.clock_configure_undivided
                0x10002948       0xe8 CMakeFiles/DisplayC.dir/C_/Users/ppscarvalho/.pico-sdk/sdk/2.1.0/src/rp2_common/hardware_clocks/clocks.c.obj
                0x10002948                clock_configure_undivided
 .text.clock_get_hz
                0x10002a30        0xc CMakeFiles/DisplayC.dir/C_/Users/ppscarvalho/.pico-sdk/sdk/2.1.0/src/rp2_common/hardware_clocks/clocks.c.obj
                0x10002a30                clock_get_hz
 .text.pll_init
                0x10002a3c       0xa4 CMakeFiles/DisplayC.dir/C_/Users/ppscarvalho/.pico-sdk/sdk/2.1.0/src/rp2_common/hardware_pll/pll.c.obj
                0x10002a3c                pll_init
 .text.watchdog_reboot
                0x10002ae0       0x9c CMakeFiles/DisplayC.dir/C_/Users/ppscarvalho/.pico-sdk/sdk/2.1.0/src/rp2_common/hardware_watchdog/watchdog.c.obj
                0x10002ae0                watchdog_reboot
 .text.tick_start
                0x10002b7c       0x10 CMakeFiles/DisplayC.dir/C_/Users/ppscarvalho/.pico-sdk/sdk/2.1.0/src/rp2_common/hardware_ticks/ticks.c.obj
                0x10002b7c                tick_start
 .text.rom_func_lookup
                0x10002b8c       0x10 CMakeFiles/DisplayC.dir/C_/Users/ppscarvalho/.pico-sdk/sdk/2.1.0/src/rp2_common/pico_bootrom/bootrom.c.obj
                0x10002b8c                rom_func_lookup
 .text.rom_data_lookup
                0x10002b9c       0x10 CMakeFiles/DisplayC.dir/C_/Users/ppscarvalho/.pico-sdk/sdk/2.1.0/src/rp2_common/pico_bootrom/bootrom.c.obj
                0x10002b9c                rom_data_lookup
 .text.rom_funcs_lookup
                0x10002bac       0x44 CMakeFiles/DisplayC.dir/C_/Users/ppscarvalho/.pico-sdk/sdk/2.1.0/src/rp2_common/pico_bootrom/bootrom.c.obj
                0x10002bac                rom_funcs_lookup
 .text.rom_reset_usb_boot_extra
                0x10002bf0       0x28 CMakeFiles/DisplayC.dir/C_/Users/ppscarvalho/.pico-sdk/sdk/2.1.0/src/rp2_common/pico_bootrom/bootrom.c.obj
                0x10002bf0                rom_reset_usb_boot_extra
 .text.xosc_init
                0x10002c18       0x28 CMakeFiles/DisplayC.dir/C_/Users/ppscarvalho/.pico-sdk/sdk/2.1.0/src/rp2_common/hardware_xosc/xosc.c.obj
                0x10002c18                xosc_init
 .text.first_per_core_initializer
                0x10002c40        0x4 CMakeFiles/DisplayC.dir/C_/Users/ppscarvalho/.pico-sdk/sdk/2.1.0/src/rp2_common/pico_runtime/runtime.c.obj
 .text.hard_assertion_failure
                0x10002c44        0xc CMakeFiles/DisplayC.dir/C_/Users/ppscarvalho/.pico-sdk/sdk/2.1.0/src/rp2_common/pico_runtime/runtime.c.obj
                0x10002c44                hard_assertion_failure
 .text.runtime_run_initializers
                0x10002c50       0x28 CMakeFiles/DisplayC.dir/C_/Users/ppscarvalho/.pico-sdk/sdk/2.1.0/src/rp2_common/pico_runtime/runtime.c.obj
                0x10002c50                runtime_run_initializers
 .text.runtime_init_early_resets
                0x10002c78       0x2c CMakeFiles/DisplayC.dir/C_/Users/ppscarvalho/.pico-sdk/sdk/2.1.0/src/rp2_common/pico_runtime_init/runtime_init.c.obj
                0x10002c78                runtime_init_early_resets
 .text.runtime_init_usb_power_down
                0x10002ca4       0x1c CMakeFiles/DisplayC.dir/C_/Users/ppscarvalho/.pico-sdk/sdk/2.1.0/src/rp2_common/pico_runtime_init/runtime_init.c.obj
                0x10002ca4                runtime_init_usb_power_down
 .text.runtime_init_post_clock_resets
                0x10002cc0       0x20 CMakeFiles/DisplayC.dir/C_/Users/ppscarvalho/.pico-sdk/sdk/2.1.0/src/rp2_common/pico_runtime_init/runtime_init.c.obj
                0x10002cc0                runtime_init_post_clock_resets
 .text.runtime_init_rp2040_gpio_ie_disable
                0x10002ce0       0x14 CMakeFiles/DisplayC.dir/C_/Users/ppscarvalho/.pico-sdk/sdk/2.1.0/src/rp2_common/pico_runtime_init/runtime_init.c.obj
                0x10002ce0                runtime_init_rp2040_gpio_ie_disable
 .text.runtime_init_spin_locks_reset
                0x10002cf4        0x8 CMakeFiles/DisplayC.dir/C_/Users/ppscarvalho/.pico-sdk/sdk/2.1.0/src/rp2_common/pico_runtime_init/runtime_init.c.obj
                0x10002cf4                runtime_init_spin_locks_reset
 .text.runtime_init_install_ram_vector_table
                0x10002cfc       0x1c CMakeFiles/DisplayC.dir/C_/Users/ppscarvalho/.pico-sdk/sdk/2.1.0/src/rp2_common/pico_runtime_init/runtime_init.c.obj
                0x10002cfc                runtime_init_install_ram_vector_table
 .text.runtime_init_clocks
                0x10002d18       0xd8 CMakeFiles/DisplayC.dir/C_/Users/ppscarvalho/.pico-sdk/sdk/2.1.0/src/rp2_common/pico_runtime_init/runtime_init_clocks.c.obj
                0x10002d18                runtime_init_clocks
 .text          0x10002df0       0x10 CMakeFiles/DisplayC.dir/C_/Users/ppscarvalho/.pico-sdk/sdk/2.1.0/src/rp2_common/pico_bit_ops/bit_ops_aeabi.S.obj
 .text.__wrap___aeabi_idiv
                0x10002e00       0x50 CMakeFiles/DisplayC.dir/C_/Users/ppscarvalho/.pico-sdk/sdk/2.1.0/src/rp2_common/pico_divider/divider_hardware.S.obj
                0x10002e00                __wrap___aeabi_idivmod
                0x10002e00                divmod_s32s32
                0x10002e00                div_s32s32
                0x10002e00                __wrap___aeabi_idiv
                0x10002e08                divmod_s32s32_unsafe
                0x10002e34                divmod_s32s32_savestate
 .text.__wrap___aeabi_uidiv
                0x10002e50       0x4c CMakeFiles/DisplayC.dir/C_/Users/ppscarvalho/.pico-sdk/sdk/2.1.0/src/rp2_common/pico_divider/divider_hardware.S.obj
                0x10002e50                __wrap___aeabi_uidiv
                0x10002e50                __wrap___aeabi_uidivmod
                0x10002e50                div_u32u32
                0x10002e50                divmod_u32u32
                0x10002e58                divmod_u32u32_unsafe
                0x10002e80                divmod_u32u32_savestate
 .text.__wrap___aeabi_ldiv
                0x10002e9c      0x424 CMakeFiles/DisplayC.dir/C_/Users/ppscarvalho/.pico-sdk/sdk/2.1.0/src/rp2_common/pico_divider/divider_hardware.S.obj
                0x10002e9c                div_s64s64
                0x10002e9c                divmod_s64s64
                0x10002e9c                __wrap___aeabi_ldivmod
                0x10002ecc                divmod_u64u64
                0x10002ecc                div_u64u64
                0x10002ecc                __wrap___aeabi_uldivmod
                0x10002edc                divmod_u64u64_savestate
                0x10002efc                divmod_s64s64_unsafe
                0x10002f84                divmod_u64u64_unsafe
 .text.__wrap___aeabi_darithmetic
                0x100032c0       0x80 CMakeFiles/DisplayC.dir/C_/Users/ppscarvalho/.pico-sdk/sdk/2.1.0/src/rp2_common/pico_double/double_aeabi_rp2040.S.obj
                0x100032c0                __wrap___aeabi_drsub
                0x100032c6                __wrap___aeabi_dsub
                0x100032d8                __wrap___aeabi_dadd
                0x100032ea                __wrap___aeabi_ddiv
                0x10003326                __wrap___aeabi_dmul
 .text.__wrap___aeabi_cdcmple
                0x10003340       0x6c CMakeFiles/DisplayC.dir/C_/Users/ppscarvalho/.pico-sdk/sdk/2.1.0/src/rp2_common/pico_double/double_aeabi_rp2040.S.obj
                0x10003340                __wrap___aeabi_cdrcmple
                0x10003350                __wrap___aeabi_cdcmpeq
                0x10003350                __wrap___aeabi_cdcmple
 .text.__wrap___aeabi_dcmpeq
                0x100033ac       0x10 CMakeFiles/DisplayC.dir/C_/Users/ppscarvalho/.pico-sdk/sdk/2.1.0/src/rp2_common/pico_double/double_aeabi_rp2040.S.obj
                0x100033ac                __wrap___aeabi_dcmpeq
 .text.__wrap___aeabi_dcmplt
                0x100033bc        0xc CMakeFiles/DisplayC.dir/C_/Users/ppscarvalho/.pico-sdk/sdk/2.1.0/src/rp2_common/pico_double/double_aeabi_rp2040.S.obj
                0x100033bc                __wrap___aeabi_dcmplt
 .text.__wrap___aeabi_dcmple
                0x100033c8       0x10 CMakeFiles/DisplayC.dir/C_/Users/ppscarvalho/.pico-sdk/sdk/2.1.0/src/rp2_common/pico_double/double_aeabi_rp2040.S.obj
                0x100033c8                __wrap___aeabi_dcmple
 .text.__wrap___aeabi_dcmpge
                0x100033d8       0x10 CMakeFiles/DisplayC.dir/C_/Users/ppscarvalho/.pico-sdk/sdk/2.1.0/src/rp2_common/pico_double/double_aeabi_rp2040.S.obj
                0x100033d8                __wrap___aeabi_dcmpge
 .text.__wrap___aeabi_dcmpgt
                0x100033e8        0xa CMakeFiles/DisplayC.dir/C_/Users/ppscarvalho/.pico-sdk/sdk/2.1.0/src/rp2_common/pico_double/double_aeabi_rp2040.S.obj
                0x100033e8                __wrap___aeabi_dcmpgt
 .text.__wrap___aeabi_dcmpun
                0x100033f2       0x18 CMakeFiles/DisplayC.dir/C_/Users/ppscarvalho/.pico-sdk/sdk/2.1.0/src/rp2_common/pico_double/double_aeabi_rp2040.S.obj
                0x100033f2                __wrap___aeabi_dcmpun
 *fill*         0x1000340a        0x2 
 .text.__wrap___aeabi_i2d
                0x1000340c       0x38 CMakeFiles/DisplayC.dir/C_/Users/ppscarvalho/.pico-sdk/sdk/2.1.0/src/rp2_common/pico_double/double_aeabi_rp2040.S.obj
                0x1000340c                __wrap___aeabi_ui2d
                0x10003414                __wrap___aeabi_i2d
 .text.__wrap___aeabi_d2iz
                0x10003444       0x48 CMakeFiles/DisplayC.dir/C_/Users/ppscarvalho/.pico-sdk/sdk/2.1.0/src/rp2_common/pico_double/double_aeabi_rp2040.S.obj
                0x10003444                double2int_z
                0x10003444                __wrap___aeabi_d2iz
 .text.__wrap___aeabi_d2uiz
                0x1000348c       0x18 CMakeFiles/DisplayC.dir/C_/Users/ppscarvalho/.pico-sdk/sdk/2.1.0/src/rp2_common/pico_double/double_aeabi_rp2040.S.obj
                0x1000348c                __wrap___aeabi_d2uiz
                0x1000348c                double2uint
 .text.__wrap___aeabi_l2d
                0x100034a4       0x18 CMakeFiles/DisplayC.dir/C_/Users/ppscarvalho/.pico-sdk/sdk/2.1.0/src/rp2_common/pico_double/double_aeabi_rp2040.S.obj
                0x100034a4                __wrap___aeabi_l2d
 .text.__wrap___aeabi_d2lz
                0x100034bc       0x26 CMakeFiles/DisplayC.dir/C_/Users/ppscarvalho/.pico-sdk/sdk/2.1.0/src/rp2_common/pico_double/double_aeabi_rp2040.S.obj
                0x100034bc                double2int64_z
                0x100034bc                __wrap___aeabi_d2lz
 *fill*         0x100034e2        0x2 
 .text.double2int64
                0x100034e4       0x18 CMakeFiles/DisplayC.dir/C_/Users/ppscarvalho/.pico-sdk/sdk/2.1.0/src/rp2_common/pico_double/double_aeabi_rp2040.S.obj
                0x100034e4                double2int64
 .text.double2ufix64
                0x100034fc       0x18 CMakeFiles/DisplayC.dir/C_/Users/ppscarvalho/.pico-sdk/sdk/2.1.0/src/rp2_common/pico_double/double_aeabi_rp2040.S.obj
                0x100034fc                double2ufix64
 .text.__wrap___aeabi_d2f
                0x10003514       0x18 CMakeFiles/DisplayC.dir/C_/Users/ppscarvalho/.pico-sdk/sdk/2.1.0/src/rp2_common/pico_double/double_aeabi_rp2040.S.obj
                0x10003514                __wrap___aeabi_d2f
 .text.__aeabi_double_init
                0x1000352c       0xa4 CMakeFiles/DisplayC.dir/C_/Users/ppscarvalho/.pico-sdk/sdk/2.1.0/src/rp2_common/pico_double/double_init_rom_rp2040.c.obj
                0x1000352c                __aeabi_double_init
 .text.double_table_shim_on_use_helper
                0x100035d0       0x2c CMakeFiles/DisplayC.dir/C_/Users/ppscarvalho/.pico-sdk/sdk/2.1.0/src/rp2_common/pico_double/double_v1_rom_shim_rp2040.S.obj
                0x100035d0                double_table_shim_on_use_helper
 .text.__wrap___aeabi_dsub
                0x100035fc       0x10 CMakeFiles/DisplayC.dir/C_/Users/ppscarvalho/.pico-sdk/sdk/2.1.0/src/rp2_common/pico_double/double_v1_rom_shim_rp2040.S.obj
                0x100035fc                drsub_shim
                0x10003602                dsub_shim
 .text.dadd_shim
                0x1000360c      0x15c CMakeFiles/DisplayC.dir/C_/Users/ppscarvalho/.pico-sdk/sdk/2.1.0/src/rp2_common/pico_double/double_v1_rom_shim_rp2040.S.obj
                0x1000360c                dadd_shim
 .text.dmul_shim
                0x10003768      0x15c CMakeFiles/DisplayC.dir/C_/Users/ppscarvalho/.pico-sdk/sdk/2.1.0/src/rp2_common/pico_double/double_v1_rom_shim_rp2040.S.obj
                0x10003768                dmul_shim
 .text.ddiv_shim
                0x100038c4      0x1b0 CMakeFiles/DisplayC.dir/C_/Users/ppscarvalho/.pico-sdk/sdk/2.1.0/src/rp2_common/pico_double/double_v1_rom_shim_rp2040.S.obj
                0x100038c4                ddiv_shim
 .text.double2uint_shim
                0x10003a74        0xe CMakeFiles/DisplayC.dir/C_/Users/ppscarvalho/.pico-sdk/sdk/2.1.0/src/rp2_common/pico_double/double_v1_rom_shim_rp2040.S.obj
                0x10003a74                double2uint_shim
                0x10003a76                double2ufix_shim
 .text.double2int64_shim
                0x10003a82       0x1a CMakeFiles/DisplayC.dir/C_/Users/ppscarvalho/.pico-sdk/sdk/2.1.0/src/rp2_common/pico_double/double_v1_rom_shim_rp2040.S.obj
                0x10003a82                double2int64_shim
                0x10003a84                double2fix64_shim
 .text.double2uint64_shim
                0x10003a9c       0x70 CMakeFiles/DisplayC.dir/C_/Users/ppscarvalho/.pico-sdk/sdk/2.1.0/src/rp2_common/pico_double/double_v1_rom_shim_rp2040.S.obj
                0x10003a9c                double2uint64_shim
                0x10003a9e                double2ufix64_shim
                0x10003abe                d2fix_a
 .text.double2float_shim
                0x10003b0c       0x5c CMakeFiles/DisplayC.dir/C_/Users/ppscarvalho/.pico-sdk/sdk/2.1.0/src/rp2_common/pico_double/double_v1_rom_shim_rp2040.S.obj
                0x10003b0c                double2float_shim
 .text.x2double_shims
                0x10003b68       0x90 CMakeFiles/DisplayC.dir/C_/Users/ppscarvalho/.pico-sdk/sdk/2.1.0/src/rp2_common/pico_double/double_v1_rom_shim_rp2040.S.obj
                0x10003b68                uint2double_shim
                0x10003b6a                ufix2double_shim
                0x10003b70                int2double_shim
                0x10003b72                fix2double_shim
                0x10003b78                uint642double_shim
                0x10003b7a                ufix642double_shim
                0x10003b80                int642double_shim
                0x10003b82                fix642double_shim
 .text.dunpacks
                0x10003bf8       0x3c CMakeFiles/DisplayC.dir/C_/Users/ppscarvalho/.pico-sdk/sdk/2.1.0/src/rp2_common/pico_double/double_v1_rom_shim_rp2040.S.obj
                0x10003bf8                dunpacks
 .text.__aeabi_lmul
                0x10003c34       0x32 CMakeFiles/DisplayC.dir/C_/Users/ppscarvalho/.pico-sdk/sdk/2.1.0/src/rp2_common/pico_int64_ops/pico_int64_ops_aeabi.S.obj
                0x10003c34                __wrap___aeabi_lmul
 *fill*         0x10003c66        0x2 
 .text.__wrap___aeabi_farithmetic
                0x10003c68       0x48 CMakeFiles/DisplayC.dir/C_/Users/ppscarvalho/.pico-sdk/sdk/2.1.0/src/rp2_common/pico_float/float_aeabi_rp2040.S.obj
                0x10003c68                __wrap___aeabi_frsub
                0x10003c6e                __wrap___aeabi_fsub
                0x10003c74                __wrap___aeabi_fadd
                0x10003c7a                __wrap___aeabi_fdiv
                0x10003ca2                __wrap___aeabi_fmul
 .text.__wrap___aeabi_ui2f
                0x10003cb0        0xa CMakeFiles/DisplayC.dir/C_/Users/ppscarvalho/.pico-sdk/sdk/2.1.0/src/rp2_common/pico_float/float_aeabi_rp2040.S.obj
                0x10003cb0                __wrap___aeabi_ui2f
                0x10003cb0                uint2float
 *fill*         0x10003cba        0x2 
 .text.__wrap___aeabi_i2f
                0x10003cbc       0x44 CMakeFiles/DisplayC.dir/C_/Users/ppscarvalho/.pico-sdk/sdk/2.1.0/src/rp2_common/pico_float/float_aeabi_rp2040.S.obj
                0x10003cbc                __wrap___aeabi_i2f
                0x10003cbc                int2float
 .text.__wrap___aeabi_f2uiz
                0x10003d00        0xc CMakeFiles/DisplayC.dir/C_/Users/ppscarvalho/.pico-sdk/sdk/2.1.0/src/rp2_common/pico_float/float_aeabi_rp2040.S.obj
                0x10003d00                __wrap___aeabi_f2uiz
                0x10003d00                float2uint_z
 .text.__aeabi_float_init
                0x10003d0c       0x64 CMakeFiles/DisplayC.dir/C_/Users/ppscarvalho/.pico-sdk/sdk/2.1.0/src/rp2_common/pico_float/float_init_rom_rp2040.c.obj
                0x10003d0c                __aeabi_float_init
 .text.float_table_shim_on_use_helper
                0x10003d70       0x2c CMakeFiles/DisplayC.dir/C_/Users/ppscarvalho/.pico-sdk/sdk/2.1.0/src/rp2_common/pico_float/float_v1_rom_shim_rp2040.S.obj
                0x10003d70                float_table_shim_on_use_helper
 .text.__wrap_malloc
                0x10003d9c       0x24 CMakeFiles/DisplayC.dir/C_/Users/ppscarvalho/.pico-sdk/sdk/2.1.0/src/rp2_common/pico_malloc/malloc.c.obj
                0x10003d9c                __wrap_malloc
 .text.__wrap_calloc
                0x10003dc0       0x28 CMakeFiles/DisplayC.dir/C_/Users/ppscarvalho/.pico-sdk/sdk/2.1.0/src/rp2_common/pico_malloc/malloc.c.obj
                0x10003dc0                __wrap_calloc
 .text.__wrap_realloc
                0x10003de8       0x24 CMakeFiles/DisplayC.dir/C_/Users/ppscarvalho/.pico-sdk/sdk/2.1.0/src/rp2_common/pico_malloc/malloc.c.obj
                0x10003de8                __wrap_realloc
 .text.__wrap_free
                0x10003e0c        0x8 CMakeFiles/DisplayC.dir/C_/Users/ppscarvalho/.pico-sdk/sdk/2.1.0/src/rp2_common/pico_malloc/malloc.c.obj
                0x10003e0c                __wrap_free
 .text          0x10003e14       0x10 CMakeFiles/DisplayC.dir/C_/Users/ppscarvalho/.pico-sdk/sdk/2.1.0/src/rp2_common/pico_mem_ops/mem_ops_aeabi.S.obj
                0x10003e14                __aeabi_mem_init
 .text.memset   0x10003e24        0xc CMakeFiles/DisplayC.dir/C_/Users/ppscarvalho/.pico-sdk/sdk/2.1.0/src/rp2_common/pico_mem_ops/mem_ops_aeabi.S.obj
                0x10003e24                __wrap_memset
 .text.memcpy   0x10003e30        0xc CMakeFiles/DisplayC.dir/C_/Users/ppscarvalho/.pico-sdk/sdk/2.1.0/src/rp2_common/pico_mem_ops/mem_ops_aeabi.S.obj
                0x10003e30                __wrap_memcpy
                0x10003e30                __wrap___aeabi_memcpy
 .text._out_buffer
                0x10003e3c        0x8 CMakeFiles/DisplayC.dir/C_/Users/ppscarvalho/.pico-sdk/sdk/2.1.0/src/rp2_common/pico_printf/printf.c.obj
 .text._out_null
                0x10003e44        0x4 CMakeFiles/DisplayC.dir/C_/Users/ppscarvalho/.pico-sdk/sdk/2.1.0/src/rp2_common/pico_printf/printf.c.obj
 .text._out_rev
                0x10003e48       0xac CMakeFiles/DisplayC.dir/C_/Users/ppscarvalho/.pico-sdk/sdk/2.1.0/src/rp2_common/pico_printf/printf.c.obj
 .text._ntoa_format
                0x10003ef4      0x250 CMakeFiles/DisplayC.dir/C_/Users/ppscarvalho/.pico-sdk/sdk/2.1.0/src/rp2_common/pico_printf/printf.c.obj
 .text._out_char
                0x10004144       0x10 CMakeFiles/DisplayC.dir/C_/Users/ppscarvalho/.pico-sdk/sdk/2.1.0/src/rp2_common/pico_printf/printf.c.obj
 .text._out_fct
                0x10004154       0x10 CMakeFiles/DisplayC.dir/C_/Users/ppscarvalho/.pico-sdk/sdk/2.1.0/src/rp2_common/pico_printf/printf.c.obj
 .text._etoa    0x10004164      0x464 CMakeFiles/DisplayC.dir/C_/Users/ppscarvalho/.pico-sdk/sdk/2.1.0/src/rp2_common/pico_printf/printf.c.obj
 .text._ftoa    0x100045c8      0x3c0 CMakeFiles/DisplayC.dir/C_/Users/ppscarvalho/.pico-sdk/sdk/2.1.0/src/rp2_common/pico_printf/printf.c.obj
 .text._vsnprintf
                0x10004988      0xbc8 CMakeFiles/DisplayC.dir/C_/Users/ppscarvalho/.pico-sdk/sdk/2.1.0/src/rp2_common/pico_printf/printf.c.obj
 .text.__wrap_sprintf
                0x10005550       0x2c CMakeFiles/DisplayC.dir/C_/Users/ppscarvalho/.pico-sdk/sdk/2.1.0/src/rp2_common/pico_printf/printf.c.obj
                0x10005550                __wrap_sprintf
 .text.__wrap_snprintf
                0x1000557c       0x28 CMakeFiles/DisplayC.dir/C_/Users/ppscarvalho/.pico-sdk/sdk/2.1.0/src/rp2_common/pico_printf/printf.c.obj
                0x1000557c                __wrap_snprintf
 .text.vfctprintf
                0x100055a4       0x20 CMakeFiles/DisplayC.dir/C_/Users/ppscarvalho/.pico-sdk/sdk/2.1.0/src/rp2_common/pico_printf/printf.c.obj
                0x100055a4                vfctprintf
 .text.weak_raw_printf
                0x100055c4       0x40 CMakeFiles/DisplayC.dir/C_/Users/ppscarvalho/.pico-sdk/sdk/2.1.0/src/rp2_common/pico_printf/printf.c.obj
                0x100055c4                weak_raw_printf
 .text.weak_raw_vprintf
                0x10005604       0x30 CMakeFiles/DisplayC.dir/C_/Users/ppscarvalho/.pico-sdk/sdk/2.1.0/src/rp2_common/pico_printf/printf.c.obj
                0x10005604                weak_raw_vprintf
 .text._exit    0x10005634        0x4 CMakeFiles/DisplayC.dir/C_/Users/ppscarvalho/.pico-sdk/sdk/2.1.0/src/rp2_common/pico_clib_interface/newlib_interface.c.obj
                0x10005634                _exit
 .text._sbrk    0x10005638       0x34 CMakeFiles/DisplayC.dir/C_/Users/ppscarvalho/.pico-sdk/sdk/2.1.0/src/rp2_common/pico_clib_interface/newlib_interface.c.obj
                0x10005638                _sbrk
 .text._read    0x1000566c       0x24 CMakeFiles/DisplayC.dir/C_/Users/ppscarvalho/.pico-sdk/sdk/2.1.0/src/rp2_common/pico_clib_interface/newlib_interface.c.obj
                0x1000566c                _read
 .text._write   0x10005690       0x24 CMakeFiles/DisplayC.dir/C_/Users/ppscarvalho/.pico-sdk/sdk/2.1.0/src/rp2_common/pico_clib_interface/newlib_interface.c.obj
                0x10005690                _write
 .text._close   0x100056b4        0x8 CMakeFiles/DisplayC.dir/C_/Users/ppscarvalho/.pico-sdk/sdk/2.1.0/src/rp2_common/pico_clib_interface/newlib_interface.c.obj
                0x100056b4                _close
 .text._lseek   0x100056bc        0x8 CMakeFiles/DisplayC.dir/C_/Users/ppscarvalho/.pico-sdk/sdk/2.1.0/src/rp2_common/pico_clib_interface/newlib_interface.c.obj
                0x100056bc                _lseek
 .text._fstat   0x100056c4        0x8 CMakeFiles/DisplayC.dir/C_/Users/ppscarvalho/.pico-sdk/sdk/2.1.0/src/rp2_common/pico_clib_interface/newlib_interface.c.obj
                0x100056c4                _fstat
 .text._isatty  0x100056cc        0xc CMakeFiles/DisplayC.dir/C_/Users/ppscarvalho/.pico-sdk/sdk/2.1.0/src/rp2_common/pico_clib_interface/newlib_interface.c.obj
                0x100056cc                _isatty
 .text.exit     0x100056d8        0x8 CMakeFiles/DisplayC.dir/C_/Users/ppscarvalho/.pico-sdk/sdk/2.1.0/src/rp2_common/pico_clib_interface/newlib_interface.c.obj
                0x100056d8                exit
 .text.__assert_func
                0x100056e0       0x38 CMakeFiles/DisplayC.dir/C_/Users/ppscarvalho/.pico-sdk/sdk/2.1.0/src/rp2_common/pico_clib_interface/newlib_interface.c.obj
                0x100056e0                __assert_func
 .text.runtime_init
                0x10005718       0x2c CMakeFiles/DisplayC.dir/C_/Users/ppscarvalho/.pico-sdk/sdk/2.1.0/src/rp2_common/pico_clib_interface/newlib_interface.c.obj
                0x10005718                runtime_init
 .text.stdio_out_chars_no_crlf
                0x10005744       0x10 CMakeFiles/DisplayC.dir/C_/Users/ppscarvalho/.pico-sdk/sdk/2.1.0/src/rp2_common/pico_stdio/stdio.c.obj
 .text.stdio_out_chars_crlf
                0x10005754       0x94 CMakeFiles/DisplayC.dir/C_/Users/ppscarvalho/.pico-sdk/sdk/2.1.0/src/rp2_common/pico_stdio/stdio.c.obj
 .text.stdio_buffered_printer
                0x100057e8       0x64 CMakeFiles/DisplayC.dir/C_/Users/ppscarvalho/.pico-sdk/sdk/2.1.0/src/rp2_common/pico_stdio/stdio.c.obj
 .text.stdio_put_string
                0x1000584c      0x100 CMakeFiles/DisplayC.dir/C_/Users/ppscarvalho/.pico-sdk/sdk/2.1.0/src/rp2_common/pico_stdio/stdio.c.obj
                0x1000584c                stdio_put_string
 .text.stdio_get_until
                0x1000594c       0x84 CMakeFiles/DisplayC.dir/C_/Users/ppscarvalho/.pico-sdk/sdk/2.1.0/src/rp2_common/pico_stdio/stdio.c.obj
                0x1000594c                stdio_get_until
 .text.stdio_set_driver_enabled
                0x100059d0       0x30 CMakeFiles/DisplayC.dir/C_/Users/ppscarvalho/.pico-sdk/sdk/2.1.0/src/rp2_common/pico_stdio/stdio.c.obj
                0x100059d0                stdio_set_driver_enabled
 .text.stdio_init_all
                0x10005a00        0x8 CMakeFiles/DisplayC.dir/C_/Users/ppscarvalho/.pico-sdk/sdk/2.1.0/src/rp2_common/pico_stdio/stdio.c.obj
                0x10005a00                stdio_init_all
 .text.__wrap_putchar
                0x10005a08       0x98 CMakeFiles/DisplayC.dir/C_/Users/ppscarvalho/.pico-sdk/sdk/2.1.0/src/rp2_common/pico_stdio/stdio.c.obj
                0x10005a08                __wrap_putchar
                0x10005a08                stdio_putchar
 .text.__wrap_puts
                0x10005aa0       0x3c CMakeFiles/DisplayC.dir/C_/Users/ppscarvalho/.pico-sdk/sdk/2.1.0/src/rp2_common/pico_stdio/stdio.c.obj
                0x10005aa0                stdio_puts
                0x10005aa0                __wrap_puts
 .text.__wrap_vprintf
                0x10005adc       0xd4 CMakeFiles/DisplayC.dir/C_/Users/ppscarvalho/.pico-sdk/sdk/2.1.0/src/rp2_common/pico_stdio/stdio.c.obj
                0x10005adc                stdio_vprintf
                0x10005adc                __wrap_vprintf
 .text.__wrap_printf
                0x10005bb0       0x18 CMakeFiles/DisplayC.dir/C_/Users/ppscarvalho/.pico-sdk/sdk/2.1.0/src/rp2_common/pico_stdio/stdio.c.obj
                0x10005bb0                __wrap_printf
                0x10005bb0                stdio_printf
 .text.resetd_init
                0x10005bc8        0x4 CMakeFiles/DisplayC.dir/C_/Users/ppscarvalho/.pico-sdk/sdk/2.1.0/src/rp2_common/pico_stdio_usb/reset_interface.c.obj
 .text.resetd_reset
                0x10005bcc        0xc CMakeFiles/DisplayC.dir/C_/Users/ppscarvalho/.pico-sdk/sdk/2.1.0/src/rp2_common/pico_stdio_usb/reset_interface.c.obj
 .text.resetd_open
                0x10005bd8       0x28 CMakeFiles/DisplayC.dir/C_/Users/ppscarvalho/.pico-sdk/sdk/2.1.0/src/rp2_common/pico_stdio_usb/reset_interface.c.obj
 .text.resetd_xfer_cb
                0x10005c00        0x4 CMakeFiles/DisplayC.dir/C_/Users/ppscarvalho/.pico-sdk/sdk/2.1.0/src/rp2_common/pico_stdio_usb/reset_interface.c.obj
 .text.resetd_control_xfer_cb
                0x10005c04       0x5c CMakeFiles/DisplayC.dir/C_/Users/ppscarvalho/.pico-sdk/sdk/2.1.0/src/rp2_common/pico_stdio_usb/reset_interface.c.obj
 .text.tud_descriptor_bos_cb
                0x10005c60        0x8 CMakeFiles/DisplayC.dir/C_/Users/ppscarvalho/.pico-sdk/sdk/2.1.0/src/rp2_common/pico_stdio_usb/reset_interface.c.obj
                0x10005c60                tud_descriptor_bos_cb
 .text.tud_vendor_control_xfer_cb
                0x10005c68       0x34 CMakeFiles/DisplayC.dir/C_/Users/ppscarvalho/.pico-sdk/sdk/2.1.0/src/rp2_common/pico_stdio_usb/reset_interface.c.obj
                0x10005c68                tud_vendor_control_xfer_cb
 .text.usbd_app_driver_get_cb
                0x10005c9c        0xc CMakeFiles/DisplayC.dir/C_/Users/ppscarvalho/.pico-sdk/sdk/2.1.0/src/rp2_common/pico_stdio_usb/reset_interface.c.obj
                0x10005c9c                usbd_app_driver_get_cb
 .text.tud_cdc_line_coding_cb
                0x10005ca8       0x2c CMakeFiles/DisplayC.dir/C_/Users/ppscarvalho/.pico-sdk/sdk/2.1.0/src/rp2_common/pico_stdio_usb/reset_interface.c.obj
                0x10005ca8                tud_cdc_line_coding_cb
 .text.stdio_usb_set_chars_available_callback
                0x10005cd4       0x14 CMakeFiles/DisplayC.dir/C_/Users/ppscarvalho/.pico-sdk/sdk/2.1.0/src/rp2_common/pico_stdio_usb/stdio_usb.c.obj
                0x10005cd4                stdio_usb_set_chars_available_callback
 .text.usb_irq  0x10005ce8       0x10 CMakeFiles/DisplayC.dir/C_/Users/ppscarvalho/.pico-sdk/sdk/2.1.0/src/rp2_common/pico_stdio_usb/stdio_usb.c.obj
 .text.timer_task
                0x10005cf8       0x64 CMakeFiles/DisplayC.dir/C_/Users/ppscarvalho/.pico-sdk/sdk/2.1.0/src/rp2_common/pico_stdio_usb/stdio_usb.c.obj
 .text.stdio_usb_in_chars
                0x10005d5c       0x90 CMakeFiles/DisplayC.dir/C_/Users/ppscarvalho/.pico-sdk/sdk/2.1.0/src/rp2_common/pico_stdio_usb/stdio_usb.c.obj
                0x10005d5c                stdio_usb_in_chars
 .text.stdio_usb_out_flush
                0x10005dec       0x50 CMakeFiles/DisplayC.dir/C_/Users/ppscarvalho/.pico-sdk/sdk/2.1.0/src/rp2_common/pico_stdio_usb/stdio_usb.c.obj
 .text.stdio_usb_out_chars
                0x10005e3c      0x104 CMakeFiles/DisplayC.dir/C_/Users/ppscarvalho/.pico-sdk/sdk/2.1.0/src/rp2_common/pico_stdio_usb/stdio_usb.c.obj
 .text.low_priority_worker_irq
                0x10005f40       0xcc CMakeFiles/DisplayC.dir/C_/Users/ppscarvalho/.pico-sdk/sdk/2.1.0/src/rp2_common/pico_stdio_usb/stdio_usb.c.obj
 .text.stdio_usb_init
                0x1000600c       0xe8 CMakeFiles/DisplayC.dir/C_/Users/ppscarvalho/.pico-sdk/sdk/2.1.0/src/rp2_common/pico_stdio_usb/stdio_usb.c.obj
                0x1000600c                stdio_usb_init
 .text.tud_descriptor_device_cb
                0x100060f4        0x8 CMakeFiles/DisplayC.dir/C_/Users/ppscarvalho/.pico-sdk/sdk/2.1.0/src/rp2_common/pico_stdio_usb/stdio_usb_descriptors.c.obj
                0x100060f4                tud_descriptor_device_cb
 .text.tud_descriptor_configuration_cb
                0x100060fc        0x8 CMakeFiles/DisplayC.dir/C_/Users/ppscarvalho/.pico-sdk/sdk/2.1.0/src/rp2_common/pico_stdio_usb/stdio_usb_descriptors.c.obj
                0x100060fc                tud_descriptor_configuration_cb
 .text.tud_descriptor_string_cb
                0x10006104       0x78 CMakeFiles/DisplayC.dir/C_/Users/ppscarvalho/.pico-sdk/sdk/2.1.0/src/rp2_common/pico_stdio_usb/stdio_usb_descriptors.c.obj
                0x10006104                tud_descriptor_string_cb
 .text.startup._retrieve_unique_id_on_boot
                0x1000617c       0x10 CMakeFiles/DisplayC.dir/C_/Users/ppscarvalho/.pico-sdk/sdk/2.1.0/src/rp2_common/pico_unique_id/unique_id.c.obj
 .text.pico_get_unique_board_id_string
                0x1000618c      0x1a8 CMakeFiles/DisplayC.dir/C_/Users/ppscarvalho/.pico-sdk/sdk/2.1.0/src/rp2_common/pico_unique_id/unique_id.c.obj
                0x1000618c                pico_get_unique_board_id_string
 .text.flash_get_unique_id
                0x10006334       0x3c CMakeFiles/DisplayC.dir/C_/Users/ppscarvalho/.pico-sdk/sdk/2.1.0/src/rp2_common/hardware_flash/flash.c.obj
                0x10006334                flash_get_unique_id
 .text.dcd_init
                0x10006370       0x8c CMakeFiles/DisplayC.dir/C_/Users/ppscarvalho/.pico-sdk/sdk/2.1.0/lib/tinyusb/src/portable/raspberrypi/rp2040/dcd_rp2040.c.obj
                0x10006370                dcd_init
 .text.dcd_int_enable
                0x100063fc        0xc CMakeFiles/DisplayC.dir/C_/Users/ppscarvalho/.pico-sdk/sdk/2.1.0/lib/tinyusb/src/portable/raspberrypi/rp2040/dcd_rp2040.c.obj
                0x100063fc                dcd_int_enable
 .text.dcd_set_address
                0x10006408       0x14 CMakeFiles/DisplayC.dir/C_/Users/ppscarvalho/.pico-sdk/sdk/2.1.0/lib/tinyusb/src/portable/raspberrypi/rp2040/dcd_rp2040.c.obj
                0x10006408                dcd_set_address
 .text.dcd_sof_enable
                0x1000641c       0x1c CMakeFiles/DisplayC.dir/C_/Users/ppscarvalho/.pico-sdk/sdk/2.1.0/lib/tinyusb/src/portable/raspberrypi/rp2040/dcd_rp2040.c.obj
                0x1000641c                dcd_sof_enable
 .text.dcd_edpt0_status_complete
                0x10006438       0x1c CMakeFiles/DisplayC.dir/C_/Users/ppscarvalho/.pico-sdk/sdk/2.1.0/lib/tinyusb/src/portable/raspberrypi/rp2040/dcd_rp2040.c.obj
                0x10006438                dcd_edpt0_status_complete
 .text.dcd_edpt_open
                0x10006454      0x108 CMakeFiles/DisplayC.dir/C_/Users/ppscarvalho/.pico-sdk/sdk/2.1.0/lib/tinyusb/src/portable/raspberrypi/rp2040/dcd_rp2040.c.obj
                0x10006454                dcd_edpt_open
 .text.dcd_edpt_close_all
                0x1000655c        0x8 CMakeFiles/DisplayC.dir/C_/Users/ppscarvalho/.pico-sdk/sdk/2.1.0/lib/tinyusb/src/portable/raspberrypi/rp2040/dcd_rp2040.c.obj
                0x1000655c                dcd_edpt_close_all
 .text.dcd_edpt_xfer
                0x10006564       0x24 CMakeFiles/DisplayC.dir/C_/Users/ppscarvalho/.pico-sdk/sdk/2.1.0/lib/tinyusb/src/portable/raspberrypi/rp2040/dcd_rp2040.c.obj
                0x10006564                dcd_edpt_xfer
 .text.dcd_edpt_stall
                0x10006588       0x34 CMakeFiles/DisplayC.dir/C_/Users/ppscarvalho/.pico-sdk/sdk/2.1.0/lib/tinyusb/src/portable/raspberrypi/rp2040/dcd_rp2040.c.obj
                0x10006588                dcd_edpt_stall
 .text.dcd_edpt_clear_stall
                0x100065bc       0x30 CMakeFiles/DisplayC.dir/C_/Users/ppscarvalho/.pico-sdk/sdk/2.1.0/lib/tinyusb/src/portable/raspberrypi/rp2040/dcd_rp2040.c.obj
                0x100065bc                dcd_edpt_clear_stall
 .text.rp2040_usb_init
                0x100065ec       0x40 CMakeFiles/DisplayC.dir/C_/Users/ppscarvalho/.pico-sdk/sdk/2.1.0/lib/tinyusb/src/portable/raspberrypi/rp2040/rp2040_usb.c.obj
                0x100065ec                rp2040_usb_init
 .text.hw_endpoint_xfer_start
                0x1000662c       0x40 CMakeFiles/DisplayC.dir/C_/Users/ppscarvalho/.pico-sdk/sdk/2.1.0/lib/tinyusb/src/portable/raspberrypi/rp2040/rp2040_usb.c.obj
                0x1000662c                hw_endpoint_xfer_start
 .text.tud_event_hook_cb
                0x1000666c        0x4 CMakeFiles/DisplayC.dir/C_/Users/ppscarvalho/.pico-sdk/sdk/2.1.0/lib/tinyusb/src/device/usbd.c.obj
                0x1000666c                tud_event_hook_cb
 .text.tud_sof_cb
                0x10006670        0x4 CMakeFiles/DisplayC.dir/C_/Users/ppscarvalho/.pico-sdk/sdk/2.1.0/lib/tinyusb/src/device/usbd.c.obj
                0x10006670                tud_sof_cb
 .text.tud_descriptor_device_qualifier_cb
                0x10006674        0x4 CMakeFiles/DisplayC.dir/C_/Users/ppscarvalho/.pico-sdk/sdk/2.1.0/lib/tinyusb/src/device/usbd.c.obj
                0x10006674                tud_descriptor_device_qualifier_cb
 .text.tud_descriptor_other_speed_configuration_cb
                0x10006678        0x4 CMakeFiles/DisplayC.dir/C_/Users/ppscarvalho/.pico-sdk/sdk/2.1.0/lib/tinyusb/src/device/usbd.c.obj
                0x10006678                tud_descriptor_other_speed_configuration_cb
 .text.tud_mount_cb
                0x1000667c        0x4 CMakeFiles/DisplayC.dir/C_/Users/ppscarvalho/.pico-sdk/sdk/2.1.0/lib/tinyusb/src/device/usbd.c.obj
                0x1000667c                tud_mount_cb
 .text.tud_umount_cb
                0x10006680        0x4 CMakeFiles/DisplayC.dir/C_/Users/ppscarvalho/.pico-sdk/sdk/2.1.0/lib/tinyusb/src/device/usbd.c.obj
                0x10006680                tud_umount_cb
 .text.tud_suspend_cb
                0x10006684        0x4 CMakeFiles/DisplayC.dir/C_/Users/ppscarvalho/.pico-sdk/sdk/2.1.0/lib/tinyusb/src/device/usbd.c.obj
                0x10006684                tud_suspend_cb
 .text.tud_resume_cb
                0x10006688        0x4 CMakeFiles/DisplayC.dir/C_/Users/ppscarvalho/.pico-sdk/sdk/2.1.0/lib/tinyusb/src/device/usbd.c.obj
                0x10006688                tud_resume_cb
 .text.tud_mounted
                0x1000668c       0x10 CMakeFiles/DisplayC.dir/C_/Users/ppscarvalho/.pico-sdk/sdk/2.1.0/lib/tinyusb/src/device/usbd.c.obj
                0x1000668c                tud_mounted
 .text.tud_suspended
                0x1000669c       0x10 CMakeFiles/DisplayC.dir/C_/Users/ppscarvalho/.pico-sdk/sdk/2.1.0/lib/tinyusb/src/device/usbd.c.obj
                0x1000669c                tud_suspended
 .text.tud_init
                0x100066ac       0xe4 CMakeFiles/DisplayC.dir/C_/Users/ppscarvalho/.pico-sdk/sdk/2.1.0/lib/tinyusb/src/device/usbd.c.obj
                0x100066ac                tud_init
 .text.tud_task_ext
                0x10006790      0x800 CMakeFiles/DisplayC.dir/C_/Users/ppscarvalho/.pico-sdk/sdk/2.1.0/lib/tinyusb/src/device/usbd.c.obj
                0x10006790                tud_task_ext
 .text.usbd_open_edpt_pair
                0x10006f90       0x9c CMakeFiles/DisplayC.dir/C_/Users/ppscarvalho/.pico-sdk/sdk/2.1.0/lib/tinyusb/src/device/usbd.c.obj
                0x10006f90                usbd_open_edpt_pair
 .text.usbd_edpt_open
                0x1000702c       0x34 CMakeFiles/DisplayC.dir/C_/Users/ppscarvalho/.pico-sdk/sdk/2.1.0/lib/tinyusb/src/device/usbd.c.obj
                0x1000702c                usbd_edpt_open
 .text.usbd_edpt_claim
                0x10007060       0x28 CMakeFiles/DisplayC.dir/C_/Users/ppscarvalho/.pico-sdk/sdk/2.1.0/lib/tinyusb/src/device/usbd.c.obj
                0x10007060                usbd_edpt_claim
 .text.usbd_edpt_release
                0x10007088       0x28 CMakeFiles/DisplayC.dir/C_/Users/ppscarvalho/.pico-sdk/sdk/2.1.0/lib/tinyusb/src/device/usbd.c.obj
                0x10007088                usbd_edpt_release
 .text.usbd_edpt_xfer
                0x100070b0       0x4c CMakeFiles/DisplayC.dir/C_/Users/ppscarvalho/.pico-sdk/sdk/2.1.0/lib/tinyusb/src/device/usbd.c.obj
                0x100070b0                usbd_edpt_xfer
 .text.tud_control_status
                0x100070fc       0x2c CMakeFiles/DisplayC.dir/C_/Users/ppscarvalho/.pico-sdk/sdk/2.1.0/lib/tinyusb/src/device/usbd_control.c.obj
                0x100070fc                tud_control_status
 .text.tud_control_xfer
                0x10007128       0xac CMakeFiles/DisplayC.dir/C_/Users/ppscarvalho/.pico-sdk/sdk/2.1.0/lib/tinyusb/src/device/usbd_control.c.obj
                0x10007128                tud_control_xfer
 .text.usbd_control_reset
                0x100071d4       0x14 CMakeFiles/DisplayC.dir/C_/Users/ppscarvalho/.pico-sdk/sdk/2.1.0/lib/tinyusb/src/device/usbd_control.c.obj
                0x100071d4                usbd_control_reset
 .text.usbd_control_set_complete_callback
                0x100071e8        0xc CMakeFiles/DisplayC.dir/C_/Users/ppscarvalho/.pico-sdk/sdk/2.1.0/lib/tinyusb/src/device/usbd_control.c.obj
                0x100071e8                usbd_control_set_complete_callback
 .text.usbd_control_set_request
                0x100071f4       0x1c CMakeFiles/DisplayC.dir/C_/Users/ppscarvalho/.pico-sdk/sdk/2.1.0/lib/tinyusb/src/device/usbd_control.c.obj
                0x100071f4                usbd_control_set_request
 .text.usbd_control_xfer_cb
                0x10007210       0xec CMakeFiles/DisplayC.dir/C_/Users/ppscarvalho/.pico-sdk/sdk/2.1.0/lib/tinyusb/src/device/usbd_control.c.obj
                0x10007210                usbd_control_xfer_cb
 .text._prep_out_transaction.isra.0
                0x100072fc       0x5c CMakeFiles/DisplayC.dir/C_/Users/ppscarvalho/.pico-sdk/sdk/2.1.0/lib/tinyusb/src/class/cdc/cdc_device.c.obj
 .text.tud_cdc_n_connected
                0x10007358       0x30 CMakeFiles/DisplayC.dir/C_/Users/ppscarvalho/.pico-sdk/sdk/2.1.0/lib/tinyusb/src/class/cdc/cdc_device.c.obj
                0x10007358                tud_cdc_n_connected
 .text.tud_cdc_n_available
                0x10007388       0x18 CMakeFiles/DisplayC.dir/C_/Users/ppscarvalho/.pico-sdk/sdk/2.1.0/lib/tinyusb/src/class/cdc/cdc_device.c.obj
                0x10007388                tud_cdc_n_available
 .text.tud_cdc_n_read
                0x100073a0       0x98 CMakeFiles/DisplayC.dir/C_/Users/ppscarvalho/.pico-sdk/sdk/2.1.0/lib/tinyusb/src/class/cdc/cdc_device.c.obj
                0x100073a0                tud_cdc_n_read
 .text.tud_cdc_n_write_flush
                0x10007438       0x78 CMakeFiles/DisplayC.dir/C_/Users/ppscarvalho/.pico-sdk/sdk/2.1.0/lib/tinyusb/src/class/cdc/cdc_device.c.obj
                0x10007438                tud_cdc_n_write_flush
 .text.tud_cdc_n_write
                0x100074b0       0x40 CMakeFiles/DisplayC.dir/C_/Users/ppscarvalho/.pico-sdk/sdk/2.1.0/lib/tinyusb/src/class/cdc/cdc_device.c.obj
                0x100074b0                tud_cdc_n_write
 .text.tud_cdc_n_write_available
                0x100074f0       0x18 CMakeFiles/DisplayC.dir/C_/Users/ppscarvalho/.pico-sdk/sdk/2.1.0/lib/tinyusb/src/class/cdc/cdc_device.c.obj
                0x100074f0                tud_cdc_n_write_available
 .text.cdcd_init
                0x10007508       0x7c CMakeFiles/DisplayC.dir/C_/Users/ppscarvalho/.pico-sdk/sdk/2.1.0/lib/tinyusb/src/class/cdc/cdc_device.c.obj
                0x10007508                cdcd_init
 .text.cdcd_deinit
                0x10007584       0x34 CMakeFiles/DisplayC.dir/C_/Users/ppscarvalho/.pico-sdk/sdk/2.1.0/lib/tinyusb/src/class/cdc/cdc_device.c.obj
                0x10007584                cdcd_deinit
 .text.cdcd_reset
                0x100075b8       0x4c CMakeFiles/DisplayC.dir/C_/Users/ppscarvalho/.pico-sdk/sdk/2.1.0/lib/tinyusb/src/class/cdc/cdc_device.c.obj
                0x100075b8                cdcd_reset
 .text.cdcd_open
                0x10007604       0xb0 CMakeFiles/DisplayC.dir/C_/Users/ppscarvalho/.pico-sdk/sdk/2.1.0/lib/tinyusb/src/class/cdc/cdc_device.c.obj
                0x10007604                cdcd_open
 .text.cdcd_control_xfer_cb
                0x100076b4       0xe4 CMakeFiles/DisplayC.dir/C_/Users/ppscarvalho/.pico-sdk/sdk/2.1.0/lib/tinyusb/src/class/cdc/cdc_device.c.obj
                0x100076b4                cdcd_control_xfer_cb
 .text.cdcd_xfer_cb
                0x10007798      0x100 CMakeFiles/DisplayC.dir/C_/Users/ppscarvalho/.pico-sdk/sdk/2.1.0/lib/tinyusb/src/class/cdc/cdc_device.c.obj
                0x10007798                cdcd_xfer_cb
 .text.vendord_init
                0x10007898       0x5c CMakeFiles/DisplayC.dir/C_/Users/ppscarvalho/.pico-sdk/sdk/2.1.0/lib/tinyusb/src/class/vendor/vendor_device.c.obj
                0x10007898                vendord_init
 .text.vendord_deinit
                0x100078f4       0x1c CMakeFiles/DisplayC.dir/C_/Users/ppscarvalho/.pico-sdk/sdk/2.1.0/lib/tinyusb/src/class/vendor/vendor_device.c.obj
                0x100078f4                vendord_deinit
 .text.vendord_reset
                0x10007910       0x20 CMakeFiles/DisplayC.dir/C_/Users/ppscarvalho/.pico-sdk/sdk/2.1.0/lib/tinyusb/src/class/vendor/vendor_device.c.obj
                0x10007910                vendord_reset
 .text.vendord_open
                0x10007930      0x138 CMakeFiles/DisplayC.dir/C_/Users/ppscarvalho/.pico-sdk/sdk/2.1.0/lib/tinyusb/src/class/vendor/vendor_device.c.obj
                0x10007930                vendord_open
 .text.vendord_xfer_cb
                0x10007a68       0x9c CMakeFiles/DisplayC.dir/C_/Users/ppscarvalho/.pico-sdk/sdk/2.1.0/lib/tinyusb/src/class/vendor/vendor_device.c.obj
                0x10007a68                vendord_xfer_cb
 .text.tusb_init
                0x10007b04        0xc CMakeFiles/DisplayC.dir/C_/Users/ppscarvalho/.pico-sdk/sdk/2.1.0/lib/tinyusb/src/tusb.c.obj
                0x10007b04                tusb_init
 .text.tu_edpt_claim
                0x10007b10       0x50 CMakeFiles/DisplayC.dir/C_/Users/ppscarvalho/.pico-sdk/sdk/2.1.0/lib/tinyusb/src/tusb.c.obj
                0x10007b10                tu_edpt_claim
 .text.tu_edpt_release
                0x10007b60       0x38 CMakeFiles/DisplayC.dir/C_/Users/ppscarvalho/.pico-sdk/sdk/2.1.0/lib/tinyusb/src/tusb.c.obj
                0x10007b60                tu_edpt_release
 .text.tu_edpt_validate
                0x10007b98       0x7c CMakeFiles/DisplayC.dir/C_/Users/ppscarvalho/.pico-sdk/sdk/2.1.0/lib/tinyusb/src/tusb.c.obj
                0x10007b98                tu_edpt_validate
 .text.tu_edpt_bind_driver
                0x10007c14       0x34 CMakeFiles/DisplayC.dir/C_/Users/ppscarvalho/.pico-sdk/sdk/2.1.0/lib/tinyusb/src/tusb.c.obj
                0x10007c14                tu_edpt_bind_driver
 .text.tu_edpt_stream_init
                0x10007c48       0x6c CMakeFiles/DisplayC.dir/C_/Users/ppscarvalho/.pico-sdk/sdk/2.1.0/lib/tinyusb/src/tusb.c.obj
                0x10007c48                tu_edpt_stream_init
 .text.tu_edpt_stream_deinit
                0x10007cb4        0x4 CMakeFiles/DisplayC.dir/C_/Users/ppscarvalho/.pico-sdk/sdk/2.1.0/lib/tinyusb/src/tusb.c.obj
                0x10007cb4                tu_edpt_stream_deinit
 .text.tu_edpt_stream_write_zlp_if_needed
                0x10007cb8       0x68 CMakeFiles/DisplayC.dir/C_/Users/ppscarvalho/.pico-sdk/sdk/2.1.0/lib/tinyusb/src/tusb.c.obj
                0x10007cb8                tu_edpt_stream_write_zlp_if_needed
 .text.tu_edpt_stream_write_xfer
                0x10007d20       0x64 CMakeFiles/DisplayC.dir/C_/Users/ppscarvalho/.pico-sdk/sdk/2.1.0/lib/tinyusb/src/tusb.c.obj
                0x10007d20                tu_edpt_stream_write_xfer
 .text.tu_edpt_stream_read_xfer
                0x10007d84       0xdc CMakeFiles/DisplayC.dir/C_/Users/ppscarvalho/.pico-sdk/sdk/2.1.0/lib/tinyusb/src/tusb.c.obj
                0x10007d84                tu_edpt_stream_read_xfer
 .text.tu_fifo_config
                0x10007e60       0x6c CMakeFiles/DisplayC.dir/C_/Users/ppscarvalho/.pico-sdk/sdk/2.1.0/lib/tinyusb/src/common/tusb_fifo.c.obj
                0x10007e60                tu_fifo_config
 .text.tu_fifo_count
                0x10007ecc       0x2c CMakeFiles/DisplayC.dir/C_/Users/ppscarvalho/.pico-sdk/sdk/2.1.0/lib/tinyusb/src/common/tusb_fifo.c.obj
                0x10007ecc                tu_fifo_count
 .text.tu_fifo_empty
                0x10007ef8       0x10 CMakeFiles/DisplayC.dir/C_/Users/ppscarvalho/.pico-sdk/sdk/2.1.0/lib/tinyusb/src/common/tusb_fifo.c.obj
                0x10007ef8                tu_fifo_empty
 .text.tu_fifo_remaining
                0x10007f08       0x2c CMakeFiles/DisplayC.dir/C_/Users/ppscarvalho/.pico-sdk/sdk/2.1.0/lib/tinyusb/src/common/tusb_fifo.c.obj
                0x10007f08                tu_fifo_remaining
 .text.tu_fifo_read
                0x10007f34       0x9c CMakeFiles/DisplayC.dir/C_/Users/ppscarvalho/.pico-sdk/sdk/2.1.0/lib/tinyusb/src/common/tusb_fifo.c.obj
                0x10007f34                tu_fifo_read
 .text.tu_fifo_read_n
                0x10007fd0       0xe8 CMakeFiles/DisplayC.dir/C_/Users/ppscarvalho/.pico-sdk/sdk/2.1.0/lib/tinyusb/src/common/tusb_fifo.c.obj
                0x10007fd0                tu_fifo_read_n
 .text.tu_fifo_write
                0x100080b8       0xa8 CMakeFiles/DisplayC.dir/C_/Users/ppscarvalho/.pico-sdk/sdk/2.1.0/lib/tinyusb/src/common/tusb_fifo.c.obj
                0x100080b8                tu_fifo_write
 .text.tu_fifo_write_n
                0x10008160      0x178 CMakeFiles/DisplayC.dir/C_/Users/ppscarvalho/.pico-sdk/sdk/2.1.0/lib/tinyusb/src/common/tusb_fifo.c.obj
                0x10008160                tu_fifo_write_n
 .text.tu_fifo_clear
                0x100082d8       0x40 CMakeFiles/DisplayC.dir/C_/Users/ppscarvalho/.pico-sdk/sdk/2.1.0/lib/tinyusb/src/common/tusb_fifo.c.obj
                0x100082d8                tu_fifo_clear
 .text.tu_fifo_set_overwritable
                0x10008318       0x48 CMakeFiles/DisplayC.dir/C_/Users/ppscarvalho/.pico-sdk/sdk/2.1.0/lib/tinyusb/src/common/tusb_fifo.c.obj
                0x10008318                tu_fifo_set_overwritable
 .text.i2c_write_blocking_internal.constprop.0
                0x10008360       0xd0 CMakeFiles/DisplayC.dir/C_/Users/ppscarvalho/.pico-sdk/sdk/2.1.0/src/rp2_common/hardware_i2c/i2c.c.obj
 .text.i2c_set_baudrate
                0x10008430       0xc0 CMakeFiles/DisplayC.dir/C_/Users/ppscarvalho/.pico-sdk/sdk/2.1.0/src/rp2_common/hardware_i2c/i2c.c.obj
                0x10008430                i2c_set_baudrate
 .text.i2c_init
                0x100084f0       0x50 CMakeFiles/DisplayC.dir/C_/Users/ppscarvalho/.pico-sdk/sdk/2.1.0/src/rp2_common/hardware_i2c/i2c.c.obj
                0x100084f0                i2c_init
 .text.i2c_write_blocking
                0x10008540       0x14 CMakeFiles/DisplayC.dir/C_/Users/ppscarvalho/.pico-sdk/sdk/2.1.0/src/rp2_common/hardware_i2c/i2c.c.obj
                0x10008540                i2c_write_blocking
 .text.pio_add_program
                0x10008554      0x104 CMakeFiles/DisplayC.dir/C_/Users/ppscarvalho/.pico-sdk/sdk/2.1.0/src/rp2_common/hardware_pio/pio.c.obj
                0x10008554                pio_add_program
 .text.pio_sm_set_consecutive_pindirs
                0x10008658       0xb4 CMakeFiles/DisplayC.dir/C_/Users/ppscarvalho/.pico-sdk/sdk/2.1.0/src/rp2_common/hardware_pio/pio.c.obj
                0x10008658                pio_sm_set_consecutive_pindirs
 .text.pio_sm_init
                0x1000870c       0x9c CMakeFiles/DisplayC.dir/C_/Users/ppscarvalho/.pico-sdk/sdk/2.1.0/src/rp2_common/hardware_pio/pio.c.obj
                0x1000870c                pio_sm_init
 .text.calloc   0x100087a8       0x18 C:/Users/ppscarvalho/.pico-sdk/toolchain/13_3_Rel1/bin/../lib/gcc/arm-none-eabi/13.3.1/thumb/v6-m/nofp\libg.a(libc_a-calloc.o)
                0x100087a8                calloc
 .text._calloc_r
                0x100087c0       0xa8 C:/Users/ppscarvalho/.pico-sdk/toolchain/13_3_Rel1/bin/../lib/gcc/arm-none-eabi/13.3.1/thumb/v6-m/nofp\libg.a(libc_a-callocr.o)
                0x100087c0                _calloc_r
 .text.malloc   0x10008868       0x14 C:/Users/ppscarvalho/.pico-sdk/toolchain/13_3_Rel1/bin/../lib/gcc/arm-none-eabi/13.3.1/thumb/v6-m/nofp\libg.a(libc_a-malloc.o)
                0x10008868                malloc
 .text.free     0x1000887c       0x14 C:/Users/ppscarvalho/.pico-sdk/toolchain/13_3_Rel1/bin/../lib/gcc/arm-none-eabi/13.3.1/thumb/v6-m/nofp\libg.a(libc_a-malloc.o)
                0x1000887c                free
 .text._malloc_r
                0x10008890      0x5c4 C:/Users/ppscarvalho/.pico-sdk/toolchain/13_3_Rel1/bin/../lib/gcc/arm-none-eabi/13.3.1/thumb/v6-m/nofp\libg.a(libc_a-mallocr.o)
                0x10008890                _malloc_r
 .text.__malloc_lock
                0x10008e54       0x10 C:/Users/ppscarvalho/.pico-sdk/toolchain/13_3_Rel1/bin/../lib/gcc/arm-none-eabi/13.3.1/thumb/v6-m/nofp\libg.a(libc_a-mlock.o)
                0x10008e54                __malloc_lock
 .text.__malloc_unlock
                0x10008e64       0x10 C:/Users/ppscarvalho/.pico-sdk/toolchain/13_3_Rel1/bin/../lib/gcc/arm-none-eabi/13.3.1/thumb/v6-m/nofp\libg.a(libc_a-mlock.o)
                0x10008e64                __malloc_unlock
 .text.realloc  0x10008e74       0x18 C:/Users/ppscarvalho/.pico-sdk/toolchain/13_3_Rel1/bin/../lib/gcc/arm-none-eabi/13.3.1/thumb/v6-m/nofp\libg.a(libc_a-realloc.o)
                0x10008e74                realloc
 .text._realloc_r
                0x10008e8c      0x350 C:/Users/ppscarvalho/.pico-sdk/toolchain/13_3_Rel1/bin/../lib/gcc/arm-none-eabi/13.3.1/thumb/v6-m/nofp\libg.a(libc_a-reallocr.o)
                0x10008e8c                _realloc_r
 .text.scanf    0x100091dc       0x24 C:/Users/ppscarvalho/.pico-sdk/toolchain/13_3_Rel1/bin/../lib/gcc/arm-none-eabi/13.3.1/thumb/v6-m/nofp\libg.a(libc_a-scanf.o)
                0x100091dc                scanf
 .text.memmove  0x10009200       0xb0 C:/Users/ppscarvalho/.pico-sdk/toolchain/13_3_Rel1/bin/../lib/gcc/arm-none-eabi/13.3.1/thumb/v6-m/nofp\libg.a(libc_a-memmove.o)
                0x10009200                memmove
 .text._sbrk_r  0x100092b0       0x24 C:/Users/ppscarvalho/.pico-sdk/toolchain/13_3_Rel1/bin/../lib/gcc/arm-none-eabi/13.3.1/thumb/v6-m/nofp\libg.a(libc_a-sbrkr.o)
                0x100092b0                _sbrk_r
 .text.__errno  0x100092d4        0xc C:/Users/ppscarvalho/.pico-sdk/toolchain/13_3_Rel1/bin/../lib/gcc/arm-none-eabi/13.3.1/thumb/v6-m/nofp\libg.a(libc_a-errno.o)
                0x100092d4                __errno
 .text.__retarget_lock_init_recursive
                0x100092e0        0x4 C:/Users/ppscarvalho/.pico-sdk/toolchain/13_3_Rel1/bin/../lib/gcc/arm-none-eabi/13.3.1/thumb/v6-m/nofp\libg.a(libc_a-lock.o)
                0x100092e0                __retarget_lock_init_recursive
 .text.__retarget_lock_close_recursive
                0x100092e4        0x4 C:/Users/ppscarvalho/.pico-sdk/toolchain/13_3_Rel1/bin/../lib/gcc/arm-none-eabi/13.3.1/thumb/v6-m/nofp\libg.a(libc_a-lock.o)
                0x100092e4                __retarget_lock_close_recursive
 .text.__retarget_lock_acquire_recursive
                0x100092e8        0x4 C:/Users/ppscarvalho/.pico-sdk/toolchain/13_3_Rel1/bin/../lib/gcc/arm-none-eabi/13.3.1/thumb/v6-m/nofp\libg.a(libc_a-lock.o)
                0x100092e8                __retarget_lock_acquire_recursive
 .text.__retarget_lock_release_recursive
                0x100092ec        0x4 C:/Users/ppscarvalho/.pico-sdk/toolchain/13_3_Rel1/bin/../lib/gcc/arm-none-eabi/13.3.1/thumb/v6-m/nofp\libg.a(libc_a-lock.o)
                0x100092ec                __retarget_lock_release_recursive
 .text.sysconf  0x100092f0       0x1c C:/Users/ppscarvalho/.pico-sdk/toolchain/13_3_Rel1/bin/../lib/gcc/arm-none-eabi/13.3.1/thumb/v6-m/nofp\libg.a(libc_a-sysconf.o)
                0x100092f0                sysconf
 .text          0x1000930c       0x88 C:/Users/ppscarvalho/.pico-sdk/toolchain/13_3_Rel1/bin/../lib/gcc/arm-none-eabi/13.3.1/thumb/v6-m/nofp\libg.a(libc_a-strcmp.o)
                0x1000930c                strcmp
 .text.strlen   0x10009394       0x5c C:/Users/ppscarvalho/.pico-sdk/toolchain/13_3_Rel1/bin/../lib/gcc/arm-none-eabi/13.3.1/thumb/v6-m/nofp\libg.a(libc_a-strlen-stub.o)
                0x10009394                strlen
 .text._malloc_trim_r
                0x100093f0       0xb4 C:/Users/ppscarvalho/.pico-sdk/toolchain/13_3_Rel1/bin/../lib/gcc/arm-none-eabi/13.3.1/thumb/v6-m/nofp\libg.a(libc_a-freer.o)
                0x100093f0                _malloc_trim_r
 .text._free_r  0x100094a4      0x1d4 C:/Users/ppscarvalho/.pico-sdk/toolchain/13_3_Rel1/bin/../lib/gcc/arm-none-eabi/13.3.1/thumb/v6-m/nofp\libg.a(libc_a-freer.o)
                0x100094a4                _free_r
 .text._strtoul_l.isra.0
                0x10009678      0x144 C:/Users/ppscarvalho/.pico-sdk/toolchain/13_3_Rel1/bin/../lib/gcc/arm-none-eabi/13.3.1/thumb/v6-m/nofp\libg.a(libc_a-strtoul.o)
 .text._strtoul_r
                0x100097bc        0x8 C:/Users/ppscarvalho/.pico-sdk/toolchain/13_3_Rel1/bin/../lib/gcc/arm-none-eabi/13.3.1/thumb/v6-m/nofp\libg.a(libc_a-strtoul.o)
                0x100097bc                _strtoul_r
 .text.__svfscanf_r
                0x100097c4     0x18a8 C:/Users/ppscarvalho/.pico-sdk/toolchain/13_3_Rel1/bin/../lib/gcc/arm-none-eabi/13.3.1/thumb/v6-m/nofp\libg.a(libc_a-vfscanf.o)
                0x100097c4                __svfscanf_r
 .text._vfscanf_r
                0x1000b06c       0x28 C:/Users/ppscarvalho/.pico-sdk/toolchain/13_3_Rel1/bin/../lib/gcc/arm-none-eabi/13.3.1/thumb/v6-m/nofp\libg.a(libc_a-vfscanf.o)
                0x1000b06c                _vfscanf_r
 .text.stdio_exit_handler
                0x1000b094       0x1c C:/Users/ppscarvalho/.pico-sdk/toolchain/13_3_Rel1/bin/../lib/gcc/arm-none-eabi/13.3.1/thumb/v6-m/nofp\libg.a(libc_a-findfp.o)
 .text.cleanup_stdio
                0x1000b0b0       0x3c C:/Users/ppscarvalho/.pico-sdk/toolchain/13_3_Rel1/bin/../lib/gcc/arm-none-eabi/13.3.1/thumb/v6-m/nofp\libg.a(libc_a-findfp.o)
 .text.global_stdio_init.part.0
                0x1000b0ec      0x118 C:/Users/ppscarvalho/.pico-sdk/toolchain/13_3_Rel1/bin/../lib/gcc/arm-none-eabi/13.3.1/thumb/v6-m/nofp\libg.a(libc_a-findfp.o)
 .text.__sinit  0x1000b204       0x38 C:/Users/ppscarvalho/.pico-sdk/toolchain/13_3_Rel1/bin/../lib/gcc/arm-none-eabi/13.3.1/thumb/v6-m/nofp\libg.a(libc_a-findfp.o)
                0x1000b204                __sinit
 .text.__sfp_lock_acquire
                0x1000b23c       0x10 C:/Users/ppscarvalho/.pico-sdk/toolchain/13_3_Rel1/bin/../lib/gcc/arm-none-eabi/13.3.1/thumb/v6-m/nofp\libg.a(libc_a-findfp.o)
                0x1000b23c                __sfp_lock_acquire
 .text.__sfp_lock_release
                0x1000b24c       0x10 C:/Users/ppscarvalho/.pico-sdk/toolchain/13_3_Rel1/bin/../lib/gcc/arm-none-eabi/13.3.1/thumb/v6-m/nofp\libg.a(libc_a-findfp.o)
                0x1000b24c                __sfp_lock_release
 .text._fread_r
                0x1000b25c      0x1e4 C:/Users/ppscarvalho/.pico-sdk/toolchain/13_3_Rel1/bin/../lib/gcc/arm-none-eabi/13.3.1/thumb/v6-m/nofp\libg.a(libc_a-fread.o)
                0x1000b25c                _fread_r
 .text._fwalk_sglue
                0x1000b440       0x44 C:/Users/ppscarvalho/.pico-sdk/toolchain/13_3_Rel1/bin/../lib/gcc/arm-none-eabi/13.3.1/thumb/v6-m/nofp\libg.a(libc_a-fwalk.o)
                0x1000b440                _fwalk_sglue
 .text.lflush   0x1000b484       0x20 C:/Users/ppscarvalho/.pico-sdk/toolchain/13_3_Rel1/bin/../lib/gcc/arm-none-eabi/13.3.1/thumb/v6-m/nofp\libg.a(libc_a-refill.o)
 .text.__srefill_r
                0x1000b4a4      0x100 C:/Users/ppscarvalho/.pico-sdk/toolchain/13_3_Rel1/bin/../lib/gcc/arm-none-eabi/13.3.1/thumb/v6-m/nofp\libg.a(libc_a-refill.o)
                0x1000b4a4                __srefill_r
 .text.__sccl   0x1000b5a4       0x80 C:/Users/ppscarvalho/.pico-sdk/toolchain/13_3_Rel1/bin/../lib/gcc/arm-none-eabi/13.3.1/thumb/v6-m/nofp\libg.a(libc_a-sccl.o)
                0x1000b5a4                __sccl
 .text.__sread  0x1000b624       0x28 C:/Users/ppscarvalho/.pico-sdk/toolchain/13_3_Rel1/bin/../lib/gcc/arm-none-eabi/13.3.1/thumb/v6-m/nofp\libg.a(libc_a-stdio.o)
                0x1000b624                __sread
 .text.__swrite
                0x1000b64c       0x40 C:/Users/ppscarvalho/.pico-sdk/toolchain/13_3_Rel1/bin/../lib/gcc/arm-none-eabi/13.3.1/thumb/v6-m/nofp\libg.a(libc_a-stdio.o)
                0x1000b64c                __swrite
 .text.__sseek  0x1000b68c       0x30 C:/Users/ppscarvalho/.pico-sdk/toolchain/13_3_Rel1/bin/../lib/gcc/arm-none-eabi/13.3.1/thumb/v6-m/nofp\libg.a(libc_a-stdio.o)
                0x1000b68c                __sseek
 .text.__sclose
                0x1000b6bc        0xc C:/Users/ppscarvalho/.pico-sdk/toolchain/13_3_Rel1/bin/../lib/gcc/arm-none-eabi/13.3.1/thumb/v6-m/nofp\libg.a(libc_a-stdio.o)
                0x1000b6bc                __sclose
 .text.__submore
                0x1000b6c8       0x84 C:/Users/ppscarvalho/.pico-sdk/toolchain/13_3_Rel1/bin/../lib/gcc/arm-none-eabi/13.3.1/thumb/v6-m/nofp\libg.a(libc_a-ungetc.o)
                0x1000b6c8                __submore
 .text._ungetc_r
                0x1000b74c      0x134 C:/Users/ppscarvalho/.pico-sdk/toolchain/13_3_Rel1/bin/../lib/gcc/arm-none-eabi/13.3.1/thumb/v6-m/nofp\libg.a(libc_a-ungetc.o)
                0x1000b74c                _ungetc_r
 .text.strncmp  0x1000b880       0x74 C:/Users/ppscarvalho/.pico-sdk/toolchain/13_3_Rel1/bin/../lib/gcc/arm-none-eabi/13.3.1/thumb/v6-m/nofp\libg.a(libc_a-strncmp.o)
                0x1000b880                strncmp
 .text.stpncpy  0x1000b8f4       0x78 C:/Users/ppscarvalho/.pico-sdk/toolchain/13_3_Rel1/bin/../lib/gcc/arm-none-eabi/13.3.1/thumb/v6-m/nofp\libg.a(libc_a-stpncpy.o)
                0x1000b8f4                stpncpy
 .text.__locale_mb_cur_max
                0x1000b96c       0x10 C:/Users/ppscarvalho/.pico-sdk/toolchain/13_3_Rel1/bin/../lib/gcc/arm-none-eabi/13.3.1/thumb/v6-m/nofp\libg.a(libc_a-locale.o)
                0x1000b96c                __locale_mb_cur_max
 .text._localeconv_r
                0x1000b97c        0x8 C:/Users/ppscarvalho/.pico-sdk/toolchain/13_3_Rel1/bin/../lib/gcc/arm-none-eabi/13.3.1/thumb/v6-m/nofp\libg.a(libc_a-localeconv.o)
                0x1000b97c                _localeconv_r
 .text._close_r
                0x1000b984       0x24 C:/Users/ppscarvalho/.pico-sdk/toolchain/13_3_Rel1/bin/../lib/gcc/arm-none-eabi/13.3.1/thumb/v6-m/nofp\libg.a(libc_a-closer.o)
                0x1000b984                _close_r
 .text._lseek_r
                0x1000b9a8       0x28 C:/Users/ppscarvalho/.pico-sdk/toolchain/13_3_Rel1/bin/../lib/gcc/arm-none-eabi/13.3.1/thumb/v6-m/nofp\libg.a(libc_a-lseekr.o)
                0x1000b9a8                _lseek_r
 .text._read_r  0x1000b9d0       0x28 C:/Users/ppscarvalho/.pico-sdk/toolchain/13_3_Rel1/bin/../lib/gcc/arm-none-eabi/13.3.1/thumb/v6-m/nofp\libg.a(libc_a-readr.o)
                0x1000b9d0                _read_r
 .text._write_r
                0x1000b9f8       0x28 C:/Users/ppscarvalho/.pico-sdk/toolchain/13_3_Rel1/bin/../lib/gcc/arm-none-eabi/13.3.1/thumb/v6-m/nofp\libg.a(libc_a-writer.o)
                0x1000b9f8                _write_r
 .text.nanf     0x1000ba20        0x8 C:/Users/ppscarvalho/.pico-sdk/toolchain/13_3_Rel1/bin/../lib/gcc/arm-none-eabi/13.3.1/thumb/v6-m/nofp\libg.a(libm_a-sf_nan.o)
                0x1000ba20                nanf
 .text.__ascii_mbtowc
                0x1000ba28       0x2c C:/Users/ppscarvalho/.pico-sdk/toolchain/13_3_Rel1/bin/../lib/gcc/arm-none-eabi/13.3.1/thumb/v6-m/nofp\libg.a(libc_a-mbtowc_r.o)
                0x1000ba28                __ascii_mbtowc
 .text.sulp     0x1000ba54       0x30 C:/Users/ppscarvalho/.pico-sdk/toolchain/13_3_Rel1/bin/../lib/gcc/arm-none-eabi/13.3.1/thumb/v6-m/nofp\libg.a(libc_a-strtod.o)
 .text._strtod_l
                0x1000ba84      0xeb8 C:/Users/ppscarvalho/.pico-sdk/toolchain/13_3_Rel1/bin/../lib/gcc/arm-none-eabi/13.3.1/thumb/v6-m/nofp\libg.a(libc_a-strtod.o)
                0x1000ba84                _strtod_l
 .text._strtod_r
                0x1000c93c       0x10 C:/Users/ppscarvalho/.pico-sdk/toolchain/13_3_Rel1/bin/../lib/gcc/arm-none-eabi/13.3.1/thumb/v6-m/nofp\libg.a(libc_a-strtod.o)
                0x1000c93c                _strtod_r
 .text._strtol_l.isra.0
                0x1000c94c      0x158 C:/Users/ppscarvalho/.pico-sdk/toolchain/13_3_Rel1/bin/../lib/gcc/arm-none-eabi/13.3.1/thumb/v6-m/nofp\libg.a(libc_a-strtol.o)
 .text._strtol_r
                0x1000caa4        0x8 C:/Users/ppscarvalho/.pico-sdk/toolchain/13_3_Rel1/bin/../lib/gcc/arm-none-eabi/13.3.1/thumb/v6-m/nofp\libg.a(libc_a-strtol.o)
                0x1000caa4                _strtol_r
 .text.__ascii_wctomb
                0x1000caac       0x1c C:/Users/ppscarvalho/.pico-sdk/toolchain/13_3_Rel1/bin/../lib/gcc/arm-none-eabi/13.3.1/thumb/v6-m/nofp\libg.a(libc_a-wctomb_r.o)
                0x1000caac                __ascii_wctomb
 .text._strtoll_l.isra.0
                0x1000cac8      0x1a0 C:/Users/ppscarvalho/.pico-sdk/toolchain/13_3_Rel1/bin/../lib/gcc/arm-none-eabi/13.3.1/thumb/v6-m/nofp\libg.a(libc_a-strtoll.o)
 .text._strtoll_r
                0x1000cc68        0x8 C:/Users/ppscarvalho/.pico-sdk/toolchain/13_3_Rel1/bin/../lib/gcc/arm-none-eabi/13.3.1/thumb/v6-m/nofp\libg.a(libc_a-strtoll.o)
                0x1000cc68                _strtoll_r
 .text._strtoull_l.isra.0
                0x1000cc70      0x1c4 C:/Users/ppscarvalho/.pico-sdk/toolchain/13_3_Rel1/bin/../lib/gcc/arm-none-eabi/13.3.1/thumb/v6-m/nofp\libg.a(libc_a-strtoull.o)
 .text._strtoull_r
                0x1000ce34        0x8 C:/Users/ppscarvalho/.pico-sdk/toolchain/13_3_Rel1/bin/../lib/gcc/arm-none-eabi/13.3.1/thumb/v6-m/nofp\libg.a(libc_a-strtoull.o)
                0x1000ce34                _strtoull_r
 .text._mbrtowc_r
                0x1000ce3c       0x54 C:/Users/ppscarvalho/.pico-sdk/toolchain/13_3_Rel1/bin/../lib/gcc/arm-none-eabi/13.3.1/thumb/v6-m/nofp\libg.a(libc_a-mbrtowc.o)
                0x1000ce3c                _mbrtowc_r
 .text.iswspace
                0x1000ce90        0xc C:/Users/ppscarvalho/.pico-sdk/toolchain/13_3_Rel1/bin/../lib/gcc/arm-none-eabi/13.3.1/thumb/v6-m/nofp\libg.a(libc_a-iswspace.o)
                0x1000ce90                iswspace
 .text.iswspace_l
                0x1000ce9c       0x24 C:/Users/ppscarvalho/.pico-sdk/toolchain/13_3_Rel1/bin/../lib/gcc/arm-none-eabi/13.3.1/thumb/v6-m/nofp\libg.a(libc_a-iswspace_l.o)
                0x1000ce9c                iswspace_l
 .text.__jp2uc  0x1000cec0      0x154 C:/Users/ppscarvalho/.pico-sdk/toolchain/13_3_Rel1/bin/../lib/gcc/arm-none-eabi/13.3.1/thumb/v6-m/nofp\libg.a(libc_a-jp2uc.o)
 .text._jp2uc_l
                0x1000d014       0x68 C:/Users/ppscarvalho/.pico-sdk/toolchain/13_3_Rel1/bin/../lib/gcc/arm-none-eabi/13.3.1/thumb/v6-m/nofp\libg.a(libc_a-jp2uc.o)
                0x1000d014                _jp2uc_l
 .text._fclose_r
                0x1000d07c       0xd0 C:/Users/ppscarvalho/.pico-sdk/toolchain/13_3_Rel1/bin/../lib/gcc/arm-none-eabi/13.3.1/thumb/v6-m/nofp\libg.a(libc_a-fclose.o)
                0x1000d07c                _fclose_r
 .text.__sflush_r
                0x1000d14c      0x148 C:/Users/ppscarvalho/.pico-sdk/toolchain/13_3_Rel1/bin/../lib/gcc/arm-none-eabi/13.3.1/thumb/v6-m/nofp\libg.a(libc_a-fflush.o)
                0x1000d14c                __sflush_r
 .text._fflush_r
                0x1000d294       0x68 C:/Users/ppscarvalho/.pico-sdk/toolchain/13_3_Rel1/bin/../lib/gcc/arm-none-eabi/13.3.1/thumb/v6-m/nofp\libg.a(libc_a-fflush.o)
                0x1000d294                _fflush_r
 .text.__smakebuf_r
                0x1000d2fc       0xe0 C:/Users/ppscarvalho/.pico-sdk/toolchain/13_3_Rel1/bin/../lib/gcc/arm-none-eabi/13.3.1/thumb/v6-m/nofp\libg.a(libc_a-makebuf.o)
                0x1000d2fc                __smakebuf_r
 .text._fstat_r
                0x1000d3dc       0x28 C:/Users/ppscarvalho/.pico-sdk/toolchain/13_3_Rel1/bin/../lib/gcc/arm-none-eabi/13.3.1/thumb/v6-m/nofp\libg.a(libc_a-fstatr.o)
                0x1000d3dc                _fstat_r
 .text._isatty_r
                0x1000d404       0x24 C:/Users/ppscarvalho/.pico-sdk/toolchain/13_3_Rel1/bin/../lib/gcc/arm-none-eabi/13.3.1/thumb/v6-m/nofp\libg.a(libc_a-isattyr.o)
                0x1000d404                _isatty_r
 .text.nan      0x1000d428        0xc C:/Users/ppscarvalho/.pico-sdk/toolchain/13_3_Rel1/bin/../lib/gcc/arm-none-eabi/13.3.1/thumb/v6-m/nofp\libg.a(libm_a-s_nan.o)
                0x1000d428                nan
 .text.rshift   0x1000d434       0xb0 C:/Users/ppscarvalho/.pico-sdk/toolchain/13_3_Rel1/bin/../lib/gcc/arm-none-eabi/13.3.1/thumb/v6-m/nofp\libg.a(libc_a-gdtoa-gethex.o)
 .text.__gethex
                0x1000d4e4      0x5a8 C:/Users/ppscarvalho/.pico-sdk/toolchain/13_3_Rel1/bin/../lib/gcc/arm-none-eabi/13.3.1/thumb/v6-m/nofp\libg.a(libc_a-gdtoa-gethex.o)
                0x1000d4e4                __gethex
 .text.__match  0x1000da8c       0x2c C:/Users/ppscarvalho/.pico-sdk/toolchain/13_3_Rel1/bin/../lib/gcc/arm-none-eabi/13.3.1/thumb/v6-m/nofp\libg.a(libc_a-gdtoa-hexnan.o)
                0x1000da8c                __match
 .text.__hexnan
                0x1000dab8      0x204 C:/Users/ppscarvalho/.pico-sdk/toolchain/13_3_Rel1/bin/../lib/gcc/arm-none-eabi/13.3.1/thumb/v6-m/nofp\libg.a(libc_a-gdtoa-hexnan.o)
                0x1000dab8                __hexnan
 .text._Balloc  0x1000dcbc       0x50 C:/Users/ppscarvalho/.pico-sdk/toolchain/13_3_Rel1/bin/../lib/gcc/arm-none-eabi/13.3.1/thumb/v6-m/nofp\libg.a(libc_a-mprec.o)
                0x1000dcbc                _Balloc
 .text._Bfree   0x1000dd0c       0x14 C:/Users/ppscarvalho/.pico-sdk/toolchain/13_3_Rel1/bin/../lib/gcc/arm-none-eabi/13.3.1/thumb/v6-m/nofp\libg.a(libc_a-mprec.o)
                0x1000dd0c                _Bfree
 .text.__multadd
                0x1000dd20       0xa8 C:/Users/ppscarvalho/.pico-sdk/toolchain/13_3_Rel1/bin/../lib/gcc/arm-none-eabi/13.3.1/thumb/v6-m/nofp\libg.a(libc_a-mprec.o)
                0x1000dd20                __multadd
 .text.__s2b    0x1000ddc8       0xb0 C:/Users/ppscarvalho/.pico-sdk/toolchain/13_3_Rel1/bin/../lib/gcc/arm-none-eabi/13.3.1/thumb/v6-m/nofp\libg.a(libc_a-mprec.o)
                0x1000ddc8                __s2b
 .text.__hi0bits
                0x1000de78       0x4c C:/Users/ppscarvalho/.pico-sdk/toolchain/13_3_Rel1/bin/../lib/gcc/arm-none-eabi/13.3.1/thumb/v6-m/nofp\libg.a(libc_a-mprec.o)
                0x1000de78                __hi0bits
 .text.__lo0bits
                0x1000dec4       0x5c C:/Users/ppscarvalho/.pico-sdk/toolchain/13_3_Rel1/bin/../lib/gcc/arm-none-eabi/13.3.1/thumb/v6-m/nofp\libg.a(libc_a-mprec.o)
                0x1000dec4                __lo0bits
 .text.__i2b    0x1000df20       0x60 C:/Users/ppscarvalho/.pico-sdk/toolchain/13_3_Rel1/bin/../lib/gcc/arm-none-eabi/13.3.1/thumb/v6-m/nofp\libg.a(libc_a-mprec.o)
                0x1000df20                __i2b
 .text.__multiply
                0x1000df80      0x1ac C:/Users/ppscarvalho/.pico-sdk/toolchain/13_3_Rel1/bin/../lib/gcc/arm-none-eabi/13.3.1/thumb/v6-m/nofp\libg.a(libc_a-mprec.o)
                0x1000df80                __multiply
 .text.__pow5mult
                0x1000e12c       0xd0 C:/Users/ppscarvalho/.pico-sdk/toolchain/13_3_Rel1/bin/../lib/gcc/arm-none-eabi/13.3.1/thumb/v6-m/nofp\libg.a(libc_a-mprec.o)
                0x1000e12c                __pow5mult
 .text.__lshift
                0x1000e1fc       0xfc C:/Users/ppscarvalho/.pico-sdk/toolchain/13_3_Rel1/bin/../lib/gcc/arm-none-eabi/13.3.1/thumb/v6-m/nofp\libg.a(libc_a-mprec.o)
                0x1000e1fc                __lshift
 .text.__mcmp   0x1000e2f8       0x3c C:/Users/ppscarvalho/.pico-sdk/toolchain/13_3_Rel1/bin/../lib/gcc/arm-none-eabi/13.3.1/thumb/v6-m/nofp\libg.a(libc_a-mprec.o)
                0x1000e2f8                __mcmp
 .text.__mdiff  0x1000e334      0x1b4 C:/Users/ppscarvalho/.pico-sdk/toolchain/13_3_Rel1/bin/../lib/gcc/arm-none-eabi/13.3.1/thumb/v6-m/nofp\libg.a(libc_a-mprec.o)
                0x1000e334                __mdiff
 .text.__ulp    0x1000e4e8       0x40 C:/Users/ppscarvalho/.pico-sdk/toolchain/13_3_Rel1/bin/../lib/gcc/arm-none-eabi/13.3.1/thumb/v6-m/nofp\libg.a(libc_a-mprec.o)
                0x1000e4e8                __ulp
 .text.__b2d    0x1000e528       0xb8 C:/Users/ppscarvalho/.pico-sdk/toolchain/13_3_Rel1/bin/../lib/gcc/arm-none-eabi/13.3.1/thumb/v6-m/nofp\libg.a(libc_a-mprec.o)
                0x1000e528                __b2d
 .text.__d2b    0x1000e5e0       0xcc C:/Users/ppscarvalho/.pico-sdk/toolchain/13_3_Rel1/bin/../lib/gcc/arm-none-eabi/13.3.1/thumb/v6-m/nofp\libg.a(libc_a-mprec.o)
                0x1000e5e0                __d2b
 .text.__ratio  0x1000e6ac       0x68 C:/Users/ppscarvalho/.pico-sdk/toolchain/13_3_Rel1/bin/../lib/gcc/arm-none-eabi/13.3.1/thumb/v6-m/nofp\libg.a(libc_a-mprec.o)
                0x1000e6ac                __ratio
 .text.__copybits
                0x1000e714       0x40 C:/Users/ppscarvalho/.pico-sdk/toolchain/13_3_Rel1/bin/../lib/gcc/arm-none-eabi/13.3.1/thumb/v6-m/nofp\libg.a(libc_a-mprec.o)
                0x1000e714                __copybits
 .text.__any_on
                0x1000e754       0x4c C:/Users/ppscarvalho/.pico-sdk/toolchain/13_3_Rel1/bin/../lib/gcc/arm-none-eabi/13.3.1/thumb/v6-m/nofp\libg.a(libc_a-mprec.o)
                0x1000e754                __any_on
 .text.category
                0x1000e7a0       0x54 C:/Users/ppscarvalho/.pico-sdk/toolchain/13_3_Rel1/bin/../lib/gcc/arm-none-eabi/13.3.1/thumb/v6-m/nofp\libg.a(libc_a-categories.o)
                0x1000e7a0                category
 *(.fini)
 .fini          0x1000e7f4        0x4 C:/Users/ppscarvalho/.pico-sdk/toolchain/13_3_Rel1/bin/../lib/gcc/arm-none-eabi/13.3.1/thumb/v6-m/nofp/crti.o
                0x1000e7f4                _fini
 .fini.__stub   0x1000e7f8       0xc0 linker stubs
 *crtbegin.o(.ctors)
 *crtbegin?.o(.ctors)
 *(EXCLUDE_FILE(*crtend.o *crtend?.o) .ctors)
 *(SORT_BY_NAME(.ctors.*))
 *(.ctors)
 *crtbegin.o(.dtors)
 *crtbegin?.o(.dtors)
 *(EXCLUDE_FILE(*crtend.o *crtend?.o) .dtors)
 *(SORT_BY_NAME(.dtors.*))
 *(.dtors)
                0x1000e8b8                        . = ALIGN (0x4)
                0x1000e8b8                        PROVIDE (__preinit_array_start = .)
 *(SORT_BY_NAME(.preinit_array.*))
 .preinit_array.00100
                0x1000e8b8        0x4 CMakeFiles/DisplayC.dir/C_/Users/ppscarvalho/.pico-sdk/sdk/2.1.0/src/rp2_common/pico_runtime_init/runtime_init.c.obj
                0x1000e8b8                __pre_init_runtime_init_early_resets
 .preinit_array.00101
                0x1000e8bc        0x4 CMakeFiles/DisplayC.dir/C_/Users/ppscarvalho/.pico-sdk/sdk/2.1.0/src/rp2_common/pico_runtime_init/runtime_init.c.obj
                0x1000e8bc                __pre_init_runtime_init_usb_power_down
 .preinit_array.00275
                0x1000e8c0        0x4 CMakeFiles/DisplayC.dir/C_/Users/ppscarvalho/.pico-sdk/sdk/2.1.0/src/rp2_common/pico_bit_ops/bit_ops_aeabi.S.obj
 .preinit_array.00300
                0x1000e8c4        0x4 CMakeFiles/DisplayC.dir/C_/Users/ppscarvalho/.pico-sdk/sdk/2.1.0/src/rp2_common/pico_mem_ops/mem_ops_aeabi.S.obj
 .preinit_array.00350
                0x1000e8c8        0x4 CMakeFiles/DisplayC.dir/C_/Users/ppscarvalho/.pico-sdk/sdk/2.1.0/src/rp2_common/pico_double/double_aeabi_rp2040.S.obj
 .preinit_array.00350
                0x1000e8cc        0x4 CMakeFiles/DisplayC.dir/C_/Users/ppscarvalho/.pico-sdk/sdk/2.1.0/src/rp2_common/pico_float/float_aeabi_rp2040.S.obj
 .preinit_array.00500
                0x1000e8d0        0x4 CMakeFiles/DisplayC.dir/C_/Users/ppscarvalho/.pico-sdk/sdk/2.1.0/src/rp2_common/pico_runtime_init/runtime_init.c.obj
                0x1000e8d0                __pre_init_runtime_init_clocks
 .preinit_array.00600
                0x1000e8d4        0x4 CMakeFiles/DisplayC.dir/C_/Users/ppscarvalho/.pico-sdk/sdk/2.1.0/src/rp2_common/pico_runtime_init/runtime_init.c.obj
                0x1000e8d4                __pre_init_runtime_init_post_clock_resets
 .preinit_array.00700
                0x1000e8d8        0x4 CMakeFiles/DisplayC.dir/C_/Users/ppscarvalho/.pico-sdk/sdk/2.1.0/src/rp2_common/pico_runtime_init/runtime_init.c.obj
                0x1000e8d8                __pre_init_runtime_init_rp2040_gpio_ie_disable
 .preinit_array.01000
                0x1000e8dc        0x4 CMakeFiles/DisplayC.dir/C_/Users/ppscarvalho/.pico-sdk/sdk/2.1.0/src/rp2_common/pico_runtime_init/runtime_init.c.obj
                0x1000e8dc                __pre_init_runtime_init_spin_locks_reset
 .preinit_array.01100
                0x1000e8e0        0x4 CMakeFiles/DisplayC.dir/C_/Users/ppscarvalho/.pico-sdk/sdk/2.1.0/src/common/pico_sync/mutex.c.obj
                0x1000e8e0                __pre_init_runtime_init_mutex
 .preinit_array.10080
                0x1000e8e4        0x4 CMakeFiles/DisplayC.dir/C_/Users/ppscarvalho/.pico-sdk/sdk/2.1.0/src/rp2_common/pico_runtime_init/runtime_init.c.obj
                0x1000e8e4                __pre_init_runtime_init_install_ram_vector_table
 .preinit_array.11000
                0x1000e8e8        0x4 CMakeFiles/DisplayC.dir/C_/Users/ppscarvalho/.pico-sdk/sdk/2.1.0/src/common/pico_time/time.c.obj
                0x1000e8e8                __pre_init_runtime_init_default_alarm_pool
 .preinit_array.YYYYY
                0x1000e8ec        0x4 CMakeFiles/DisplayC.dir/C_/Users/ppscarvalho/.pico-sdk/sdk/2.1.0/src/rp2_common/pico_runtime/runtime.c.obj
                0x1000e8ec                __pre_init_first_per_core_initializer
 .preinit_array.ZZZZZ.01200
                0x1000e8f0        0x4 CMakeFiles/DisplayC.dir/C_/Users/ppscarvalho/.pico-sdk/sdk/2.1.0/src/rp2_common/hardware_irq/irq.c.obj
                0x1000e8f0                __pre_init_runtime_init_per_core_irq_priorities
 *(.preinit_array)
                0x1000e8f4                        PROVIDE (__preinit_array_end = .)
                0x1000e8f4                        . = ALIGN (0x4)
                0x1000e8f4                        PROVIDE (__init_array_start = .)
 *(SORT_BY_NAME(.init_array.*))
 *(.init_array)
 .init_array    0x1000e8f4        0x4 C:/Users/ppscarvalho/.pico-sdk/toolchain/13_3_Rel1/bin/../lib/gcc/arm-none-eabi/13.3.1/thumb/v6-m/nofp/crtbegin.o
 .init_array    0x1000e8f8        0x4 CMakeFiles/DisplayC.dir/C_/Users/ppscarvalho/.pico-sdk/sdk/2.1.0/src/rp2_common/pico_unique_id/unique_id.c.obj
                0x1000e8fc                        PROVIDE (__init_array_end = .)
                0x1000e8fc                        . = ALIGN (0x4)
                [!provide]                        PROVIDE (__fini_array_start = .)
 *(SORT_BY_NAME(.fini_array.*))
 *(.fini_array)
                [!provide]                        PROVIDE (__fini_array_end = .)
 *(.eh_frame*)
 .eh_frame      0x1000e8fc        0x0 C:/Users/ppscarvalho/.pico-sdk/toolchain/13_3_Rel1/bin/../lib/gcc/arm-none-eabi/13.3.1/thumb/v6-m/nofp/crtbegin.o
                0x1000e8fc                        . = ALIGN (0x4)

.glue_7         0x1000e8fc        0x0